******************************************************************************
                  TI ARM Linker PC v5.2.2                      
******************************************************************************
>> Linked Sun May 15 09:14:08 2016

OUTPUT FILE NAME:   <Solar_Street_Light.out>
ENTRY POINT SYMBOL: "_c_int00"  address: 000018f9


MEMORY CONFIGURATION

         name            origin    length      used     unused   attr    fill
----------------------  --------  ---------  --------  --------  ----  --------
  FLASH                 00000000   00040000  00002196  0003de6a  R  X
  SRAM                  20000000   00008000  000004cc  00007b34  RW X


SEGMENT ALLOCATION MAP

run origin  load origin   length   init length attrs members
----------  ----------- ---------- ----------- ----- -------
00000000    00000000    00002198   00002198    r-x
  00000000    00000000    0000026c   0000026c    r-- .intvecs
  0000026c    0000026c    00001bde   00001bde    r-x .text
  00001e4c    00001e4c    000002fc   000002fc    r-- .const
  00002148    00002148    00000050   00000050    r-- .cinit
20000000    20000000    000004cc   00000000    rw-
  20000000    20000000    0000026c   00000000    rw- .vtable
  2000026c    2000026c    00000200   00000000    rw- .stack
  2000046c    2000046c    00000044   00000000    rw- .bss
  200004b0    200004b0    0000001c   00000000    rw- .data


SECTION ALLOCATION MAP

 output                                  attributes/
section   page    origin      length       input sections
--------  ----  ----------  ----------   ----------------
.intvecs   0    00000000    0000026c     
                  00000000    0000026c     tm4c123gh6pm_startup_ccs.obj (.intvecs)

.text      0    0000026c    00001bde     
                  0000026c    00000780     main.obj (.text)
                  000009ec    00000264     peripheral_setup.obj (.text)
                  00000c50    000001b6     rtsv7M4_T_le_v4SPD16_eabi.lib : fd_add_t2.obj (.text)
                  00000e06    00000136                                   : fd_div_t2.obj (.text)
                  00000f3c    00000130     driverlib.lib : gpio.obj (.text:GPIOPadConfigSet)
                  0000106c    0000010c                   : sysctl.obj (.text:SysCtlClockGet)
                  00001178    00000100     MPPT_Algorithm.obj (.text)
                  00001278    000000fc     rtsv7M4_T_le_v4SPD16_eabi.lib : fd_mul_t2.obj (.text)
                  00001374    000000f0     driverlib.lib : sysctl.obj (.text:SysCtlClockSet)
                  00001464    0000009c     rtsv7M4_T_le_v4SPD16_eabi.lib : memcpy_t2.obj (.text)
                  00001500    00000086                                   : fd_cmp_t2.obj (.text:__aeabi_cdcmple)
                  00001586    00000086                                   : fd_cmp_t2.obj (.text:__aeabi_cdrcmple)
                  0000160c    0000007a     driverlib.lib : adc.obj (.text:ADCSequenceStepConfigure)
                  00001686    0000007a     rtsv7M4_T_le_v4SPD16_eabi.lib : memset_t2.obj (.text)
                  00001700    0000006c                                   : autoinit.obj (.text)
                  0000176c    0000006a                                   : copy_decompress_rle.obj (.text)
                  000017d6    00000002     --HOLE-- [fill = 0]
                  000017d8    00000068     driverlib.lib : interrupt.obj (.text:IntEnable)
                  00001840    00000060                   : timer.obj (.text:TimerConfigure)
                  000018a0    00000056                   : gpio.obj (.text:GPIOIntTypeSet)
                  000018f6    00000002     --HOLE-- [fill = 0]
                  000018f8    00000050     rtsv7M4_T_le_v4SPD16_eabi.lib : boot.obj (.text)
                  00001948    0000004c     driverlib.lib : timer.obj (.text:_TimerIntNumberGet)
                  00001994    0000004c     rtsv7M4_T_le_v4SPD16_eabi.lib : cpy_tbl.obj (.text)
                  000019e0    0000004a                                   : fd_tos_t2.obj (.text)
                  00001a2a    00000002     --HOLE-- [fill = 0]
                  00001a2c    00000044                                   : exit.obj (.text)
                  00001a70    00000044                                   : fd_tou_t2.obj (.text)
                  00001ab4    00000040     driverlib.lib : gpio.obj (.text:_GPIOIntNumberGet)
                  00001af4    0000003e                   : adc.obj (.text:ADCSequenceConfigure)
                  00001b32    00000038     rtsv7M4_T_le_v4SPD16_eabi.lib : fs_tod_t2.obj (.text)
                  00001b6a    00000002     --HOLE-- [fill = 0]
                  00001b6c    00000034     driverlib.lib : interrupt.obj (.text:IntRegister)
                  00001ba0    00000034                   : sysctl.obj (.text:SysCtlPeripheralEnable)
                  00001bd4    0000002e                   : adc.obj (.text:ADCIntStatus)
                  00001c02    0000002a                   : gpio.obj (.text:GPIODirModeSet)
                  00001c2c    00000022                   : pwm.obj (.text:PWMGenConfigure)
                  00001c4e    00000020     rtsv7M4_T_le_v4SPD16_eabi.lib : u_tofd_t2.obj (.text)
                  00001c6e    0000001e     driverlib.lib : adc.obj (.text:ADCSequenceDataGet)
                  00001c8c    0000001e                   : pwm.obj (.text:PWMPulseWidthSet)
                  00001caa    00000018                   : adc.obj (.text:ADCProcessorTrigger)
                  00001cc2    00000018                   : gpio.obj (.text:GPIOIntRegister)
                  00001cda    00000018                   : gpio.obj (.text:GPIOPinTypeGPIOOutput)
                  00001cf2    00000018                   : timer.obj (.text:TimerIntRegister)
                  00001d0a    00000002     --HOLE-- [fill = 0]
                  00001d0c    00000018     rtsv7M4_T_le_v4SPD16_eabi.lib : args_main.obj (.text)
                  00001d24    00000014     driverlib.lib : sysctl.obj (.text:SysCtlPWMClockSet)
                  00001d38    00000014     rtsv7M4_T_le_v4SPD16_eabi.lib : _lock.obj (.text)
                  00001d4c    00000012     driverlib.lib : adc.obj (.text:ADCHardwareOversampleConfigure)
                  00001d5e    00000012                   : gpio.obj (.text:GPIOPinTypeGPIOInput)
                  00001d70    00000012                   : gpio.obj (.text:GPIOPinTypePWM)
                  00001d82    00000012                   : pwm.obj (.text:PWMOutputState)
                  00001d94    00000012                   : timer.obj (.text:TimerLoadSet)
                  00001da6    00000010                   : pwm.obj (.text:PWMGenPeriodSet)
                  00001db6    0000000e                   : adc.obj (.text:ADCSequenceEnable)
                  00001dc4    0000000e                   : gpio.obj (.text:GPIOIntDisable)
                  00001dd2    0000000e                   : timer.obj (.text:TimerEnable)
                  00001de0    0000000e     rtsv7M4_T_le_v4SPD16_eabi.lib : copy_decompress_none.obj (.text:decompress:none)
                  00001dee    0000000c     driverlib.lib : gpio.obj (.text:GPIOIntEnable)
                  00001dfa    0000000c                   : pwm.obj (.text:PWMGenEnable)
                  00001e06    0000000c     rtsv7M4_T_le_v4SPD16_eabi.lib : copy_zero_init.obj (.text:decompress:ZI)
                  00001e12    0000000c     tm4c123gh6pm_startup_ccs.obj (.text)
                  00001e1e    0000000a     driverlib.lib : adc.obj (.text:ADCIntClear)
                  00001e28    00000008                   : timer.obj (.text:TimerIntEnable)
                  00001e30    00000006                   : gpio.obj (.text:GPIOIntClear)
                  00001e36    00000006                   : sysctl.obj (.text:SysCtlDelay)
                  00001e3c    00000006     rtsv7M4_T_le_v4SPD16_eabi.lib : copy_decompress_rle.obj (.text:decompress:rle24)
                  00001e42    00000004     driverlib.lib : timer.obj (.text:TimerIntClear)
                  00001e46    00000004     rtsv7M4_T_le_v4SPD16_eabi.lib : pre_init.obj (.text)

.const     0    00001e4c    000002fc     
                  00001e4c    000000c0     driverlib.lib : gpio.obj (.const:g_ppui32GPIOIntMapBlizzard)
                  00001f0c    000000c0                   : gpio.obj (.const:g_ppui32GPIOIntMapSnowflake)
                  00001fcc    00000070                   : interrupt.obj (.const)
                  0000203c    0000006c                   : sysctl.obj (.const:g_pui32Xtals)
                  000020a8    00000060                   : timer.obj (.const:g_ppui32TimerIntMap)
                  00002108    00000040                   : timer.obj (.const:g_ppui32TimerIntMapSnowflake)

.cinit     0    00002148    00000050     
                  00002148    00000017     (.cinit..data.load) [load image, compression = rle]
                  0000215f    00000001     --HOLE-- [fill = 0]
                  00002160    0000000c     (__TI_handler_table)
                  0000216c    00000004     --HOLE-- [fill = 0]
                  00002170    00000008     (.cinit..bss.load) [load image, compression = zero_init]
                  00002178    00000008     (.cinit..vtable.load) [load image, compression = zero_init]
                  00002180    00000018     (__TI_cinit_table)

.init_array 
*          0    00000000    00000000     UNINITIALIZED

.vtable    0    20000000    0000026c     UNINITIALIZED
                  20000000    0000026c     driverlib.lib : interrupt.obj (.vtable)

.stack     0    2000026c    00000200     UNINITIALIZED
                  2000026c    00000200     --HOLE--

.bss       0    2000046c    00000044     UNINITIALIZED
                  2000046c    00000020     (.common:ADC0Value)
                  2000048c    00000004     (.common:I_bat)
                  20000490    00000004     (.common:I_led)
                  20000494    00000004     (.common:I_pv)
                  20000498    00000004     (.common:P)
                  2000049c    00000004     (.common:V)
                  200004a0    00000004     (.common:V_bat)
                  200004a4    00000004     (.common:V_led)
                  200004a8    00000004     (.common:V_pv)
                  200004ac    00000004     (.common:diff)

.TI.noinit 
*          0    2000046c    00000000     UNINITIALIZED

.data      0    200004b0    0000001c     UNINITIALIZED
                  200004b0    00000008     rtsv7M4_T_le_v4SPD16_eabi.lib : _lock.obj (.data)
                  200004b8    00000008                                   : exit.obj (.data)
                  200004c0    00000006     main.obj (.data)
                  200004c6    00000002     --HOLE--
                  200004c8    00000004     rtsv7M4_T_le_v4SPD16_eabi.lib : stkdepth_vars.obj (.data)

.TI.persistent 
*          0    200004b0    00000000     UNINITIALIZED


LINKER GENERATED COPY TABLES

__TI_cinit_table @ 00002180 records: 3, size/record: 8, table size: 24
	.data: load addr=00002148, load size=00000017 bytes, run addr=200004b0, run size=0000001c bytes, compression=rle
	.bss: load addr=00002170, load size=00000008 bytes, run addr=2000046c, run size=00000044 bytes, compression=zero_init
	.vtable: load addr=00002178, load size=00000008 bytes, run addr=20000000, run size=0000026c bytes, compression=zero_init


LINKER GENERATED HANDLER TABLE

__TI_handler_table @ 00002160 records: 3, size/record: 4, table size: 12
	index: 0, handler: __TI_zero_init
	index: 1, handler: __TI_decompress_rle24
	index: 2, handler: __TI_decompress_none


GLOBAL SYMBOLS: SORTED ALPHABETICALLY BY Name 

address   name                          
-------   ----                          
2000046c  ADC0Value                     
00001d4d  ADCHardwareOversampleConfigure
00001e1f  ADCIntClear                   
00001bd5  ADCIntStatus                  
00001cab  ADCProcessorTrigger           
00001af5  ADCSequenceConfigure          
00001c6f  ADCSequenceDataGet            
00001db7  ADCSequenceEnable             
0000160d  ADCSequenceStepConfigure      
00000a6b  ADC_setup                     
00001a2d  C$$EXIT                       
000009ed  Clock_setup                   
200004c4  D_sepic                       
200004c2  D_zeta                        
00001c03  GPIODirModeSet                
00001e31  GPIOIntClear                  
00001dc5  GPIOIntDisable                
00001def  GPIOIntEnable                 
00001cc3  GPIOIntRegister               
000018a1  GPIOIntTypeSet                
00000f3d  GPIOPadConfigSet              
00001d5f  GPIOPinTypeGPIOInput          
00001cdb  GPIOPinTypeGPIOOutput         
00001d71  GPIOPinTypePWM                
00000a1b  GPIO_setup                    
00001179  Hill_Climbing                 
2000048c  I_bat                         
20000490  I_led                         
20000494  I_pv                          
000017d9  IntEnable                     
00001b6d  IntRegister                   
20000498  P                             
00001c2d  PWMGenConfigure               
00001dfb  PWMGenEnable                  
00001da7  PWMGenPeriodSet               
00001d83  PWMOutputState                
00001c8d  PWMPulseWidthSet              
00000b31  PWM_setup                     
00001e13  ResetISR                      
UNDEFED   SHT$$INIT_ARRAY$$Base         
UNDEFED   SHT$$INIT_ARRAY$$Limit        
0000026d  StartButtonDown               
0000106d  SysCtlClockGet                
00001375  SysCtlClockSet                
00001e37  SysCtlDelay                   
00001d25  SysCtlPWMClockSet             
00001ba1  SysCtlPeripheralEnable        
000002ad  Timer0A_Handler               
00001841  TimerConfigure                
00001dd3  TimerEnable                   
00001e43  TimerIntClear                 
00001e29  TimerIntEnable                
00001cf3  TimerIntRegister              
00001d95  TimerLoadSet                  
00000af3  Timer_setup                   
2000049c  V                             
200004a0  V_bat                         
200004a4  V_led                         
200004a8  V_pv                          
2000046c  __STACK_END                   
00000200  __STACK_SIZE                  
2000046c  __STACK_TOP                   
00002180  __TI_CINIT_Base               
00002198  __TI_CINIT_Limit              
00002160  __TI_Handler_Table_Base       
0000216c  __TI_Handler_Table_Limit      
00001701  __TI_auto_init                
200004b8  __TI_cleanup_ptr              
00001de1  __TI_decompress_none          
00001e3d  __TI_decompress_rle24         
200004bc  __TI_dtors_ptr                
00000000  __TI_static_base__            
00001e07  __TI_zero_init                
00001501  __aeabi_cdcmpeq               
00001501  __aeabi_cdcmple               
00001587  __aeabi_cdrcmple              
000019e1  __aeabi_d2f                   
00001a71  __aeabi_d2uiz                 
00000c5b  __aeabi_dadd                  
00000e07  __aeabi_ddiv                  
00001279  __aeabi_dmul                  
00000c51  __aeabi_dsub                  
00001b33  __aeabi_f2d                   
00001687  __aeabi_memclr                
00001687  __aeabi_memclr4               
00001687  __aeabi_memclr8               
00001465  __aeabi_memcpy                
00001465  __aeabi_memcpy4               
00001465  __aeabi_memcpy8               
00001689  __aeabi_memset                
00001689  __aeabi_memset4               
00001689  __aeabi_memset8               
00001c4f  __aeabi_ui2d                  
ffffffff  __binit__                     
ffffffff  __c_args__                    
2000026c  __stack                       
00001d0d  _args_main                    
000018f9  _c_int00                      
200004b0  _lock                         
00001d47  _nop                          
00001d3f  _register_lock                
00001d39  _register_unlock              
00001e47  _system_pre_init              
200004b4  _unlock                       
00001a31  abort                         
ffffffff  binit                         
00001995  copy_in                       
200004ac  diff                          
00001a39  exit                          
20000000  g_pfnRAMVectors               
00000000  g_pfnVectors                  
00000925  main                          
200004c8  main_func_sp                  
00001465  memcpy                        
0000168f  memset                        
200004c0  mode                          
00000b77  mode_change                   
200004c1  time                          


GLOBAL SYMBOLS: SORTED BY Symbol Address 

address   name                          
-------   ----                          
00000000  __TI_static_base__            
00000000  g_pfnVectors                  
00000200  __STACK_SIZE                  
0000026d  StartButtonDown               
000002ad  Timer0A_Handler               
00000925  main                          
000009ed  Clock_setup                   
00000a1b  GPIO_setup                    
00000a6b  ADC_setup                     
00000af3  Timer_setup                   
00000b31  PWM_setup                     
00000b77  mode_change                   
00000c51  __aeabi_dsub                  
00000c5b  __aeabi_dadd                  
00000e07  __aeabi_ddiv                  
00000f3d  GPIOPadConfigSet              
0000106d  SysCtlClockGet                
00001179  Hill_Climbing                 
00001279  __aeabi_dmul                  
00001375  SysCtlClockSet                
00001465  __aeabi_memcpy                
00001465  __aeabi_memcpy4               
00001465  __aeabi_memcpy8               
00001465  memcpy                        
00001501  __aeabi_cdcmpeq               
00001501  __aeabi_cdcmple               
00001587  __aeabi_cdrcmple              
0000160d  ADCSequenceStepConfigure      
00001687  __aeabi_memclr                
00001687  __aeabi_memclr4               
00001687  __aeabi_memclr8               
00001689  __aeabi_memset                
00001689  __aeabi_memset4               
00001689  __aeabi_memset8               
0000168f  memset                        
00001701  __TI_auto_init                
000017d9  IntEnable                     
00001841  TimerConfigure                
000018a1  GPIOIntTypeSet                
000018f9  _c_int00                      
00001995  copy_in                       
000019e1  __aeabi_d2f                   
00001a2d  C$$EXIT                       
00001a31  abort                         
00001a39  exit                          
00001a71  __aeabi_d2uiz                 
00001af5  ADCSequenceConfigure          
00001b33  __aeabi_f2d                   
00001b6d  IntRegister                   
00001ba1  SysCtlPeripheralEnable        
00001bd5  ADCIntStatus                  
00001c03  GPIODirModeSet                
00001c2d  PWMGenConfigure               
00001c4f  __aeabi_ui2d                  
00001c6f  ADCSequenceDataGet            
00001c8d  PWMPulseWidthSet              
00001cab  ADCProcessorTrigger           
00001cc3  GPIOIntRegister               
00001cdb  GPIOPinTypeGPIOOutput         
00001cf3  TimerIntRegister              
00001d0d  _args_main                    
00001d25  SysCtlPWMClockSet             
00001d39  _register_unlock              
00001d3f  _register_lock                
00001d47  _nop                          
00001d4d  ADCHardwareOversampleConfigure
00001d5f  GPIOPinTypeGPIOInput          
00001d71  GPIOPinTypePWM                
00001d83  PWMOutputState                
00001d95  TimerLoadSet                  
00001da7  PWMGenPeriodSet               
00001db7  ADCSequenceEnable             
00001dc5  GPIOIntDisable                
00001dd3  TimerEnable                   
00001de1  __TI_decompress_none          
00001def  GPIOIntEnable                 
00001dfb  PWMGenEnable                  
00001e07  __TI_zero_init                
00001e13  ResetISR                      
00001e1f  ADCIntClear                   
00001e29  TimerIntEnable                
00001e31  GPIOIntClear                  
00001e37  SysCtlDelay                   
00001e3d  __TI_decompress_rle24         
00001e43  TimerIntClear                 
00001e47  _system_pre_init              
00002160  __TI_Handler_Table_Base       
0000216c  __TI_Handler_Table_Limit      
00002180  __TI_CINIT_Base               
00002198  __TI_CINIT_Limit              
20000000  g_pfnRAMVectors               
2000026c  __stack                       
2000046c  ADC0Value                     
2000046c  __STACK_END                   
2000046c  __STACK_TOP                   
2000048c  I_bat                         
20000490  I_led                         
20000494  I_pv                          
20000498  P                             
2000049c  V                             
200004a0  V_bat                         
200004a4  V_led                         
200004a8  V_pv                          
200004ac  diff                          
200004b0  _lock                         
200004b4  _unlock                       
200004b8  __TI_cleanup_ptr              
200004bc  __TI_dtors_ptr                
200004c0  mode                          
200004c1  time                          
200004c2  D_zeta                        
200004c4  D_sepic                       
200004c8  main_func_sp                  
ffffffff  __binit__                     
ffffffff  __c_args__                    
ffffffff  binit                         
UNDEFED   SHT$$INIT_ARRAY$$Base         
UNDEFED   SHT$$INIT_ARRAY$$Limit        

[118 symbols]
