<?xml version="1.0"?>
<link_info>
   <banner>TI ARM Linker PC v5.2.2</banner>
   <copyright>Copyright (c) 1996-2015 Texas Instruments Incorporated</copyright>
   <link_time>0x5737db70</link_time>
   <link_errors>0x0</link_errors>
   <output_file>Solar_Street_Light.out</output_file>
   <entry_point>
      <name>_c_int00</name>
      <address>0x18f9</address>
   </entry_point>
   <input_file_list>
      <input_file id="fl-2">
         <path>.\</path>
         <kind>object</kind>
         <file>MPPT_Algorithm.obj</file>
         <name>MPPT_Algorithm.obj</name>
      </input_file>
      <input_file id="fl-3">
         <path>.\</path>
         <kind>object</kind>
         <file>main.obj</file>
         <name>main.obj</name>
      </input_file>
      <input_file id="fl-4">
         <path>.\</path>
         <kind>object</kind>
         <file>peripheral_setup.obj</file>
         <name>peripheral_setup.obj</name>
      </input_file>
      <input_file id="fl-5">
         <path>.\</path>
         <kind>object</kind>
         <file>tm4c123gh6pm_startup_ccs.obj</file>
         <name>tm4c123gh6pm_startup_ccs.obj</name>
      </input_file>
      <input_file id="fl-b">
         <path>C:\ti\TivaWare_C_Series-2.1.1.71\driverlib\ccs\Debug\</path>
         <kind>archive</kind>
         <file>driverlib.lib</file>
         <name>adc.obj</name>
      </input_file>
      <input_file id="fl-c">
         <path>C:\ti\TivaWare_C_Series-2.1.1.71\driverlib\ccs\Debug\</path>
         <kind>archive</kind>
         <file>driverlib.lib</file>
         <name>gpio.obj</name>
      </input_file>
      <input_file id="fl-d">
         <path>C:\ti\TivaWare_C_Series-2.1.1.71\driverlib\ccs\Debug\</path>
         <kind>archive</kind>
         <file>driverlib.lib</file>
         <name>interrupt.obj</name>
      </input_file>
      <input_file id="fl-e">
         <path>C:\ti\TivaWare_C_Series-2.1.1.71\driverlib\ccs\Debug\</path>
         <kind>archive</kind>
         <file>driverlib.lib</file>
         <name>pwm.obj</name>
      </input_file>
      <input_file id="fl-f">
         <path>C:\ti\TivaWare_C_Series-2.1.1.71\driverlib\ccs\Debug\</path>
         <kind>archive</kind>
         <file>driverlib.lib</file>
         <name>sysctl.obj</name>
      </input_file>
      <input_file id="fl-10">
         <path>C:\ti\TivaWare_C_Series-2.1.1.71\driverlib\ccs\Debug\</path>
         <kind>archive</kind>
         <file>driverlib.lib</file>
         <name>timer.obj</name>
      </input_file>
      <input_file id="fl-11">
         <path>C:\ti\TivaWare_C_Series-2.1.1.71\driverlib\ccs\Debug\</path>
         <kind>archive</kind>
         <file>driverlib.lib</file>
         <name>cpu.obj</name>
      </input_file>
      <input_file id="fl-133">
         <path>C:\ti\ccsv6\tools\compiler\ti-cgt-arm_5.2.2\lib\</path>
         <kind>archive</kind>
         <file>rtsv7M4_T_le_v4SPD16_eabi.lib</file>
         <name>boot.obj</name>
      </input_file>
      <input_file id="fl-134">
         <path>C:\ti\ccsv6\tools\compiler\ti-cgt-arm_5.2.2\lib\</path>
         <kind>archive</kind>
         <file>rtsv7M4_T_le_v4SPD16_eabi.lib</file>
         <name>copy_decompress_none.obj</name>
      </input_file>
      <input_file id="fl-135">
         <path>C:\ti\ccsv6\tools\compiler\ti-cgt-arm_5.2.2\lib\</path>
         <kind>archive</kind>
         <file>rtsv7M4_T_le_v4SPD16_eabi.lib</file>
         <name>copy_decompress_rle.obj</name>
      </input_file>
      <input_file id="fl-136">
         <path>C:\ti\ccsv6\tools\compiler\ti-cgt-arm_5.2.2\lib\</path>
         <kind>archive</kind>
         <file>rtsv7M4_T_le_v4SPD16_eabi.lib</file>
         <name>copy_zero_init.obj</name>
      </input_file>
      <input_file id="fl-137">
         <path>C:\ti\ccsv6\tools\compiler\ti-cgt-arm_5.2.2\lib\</path>
         <kind>archive</kind>
         <file>rtsv7M4_T_le_v4SPD16_eabi.lib</file>
         <name>exit.obj</name>
      </input_file>
      <input_file id="fl-138">
         <path>C:\ti\ccsv6\tools\compiler\ti-cgt-arm_5.2.2\lib\</path>
         <kind>archive</kind>
         <file>rtsv7M4_T_le_v4SPD16_eabi.lib</file>
         <name>fd_add_t2.obj</name>
      </input_file>
      <input_file id="fl-139">
         <path>C:\ti\ccsv6\tools\compiler\ti-cgt-arm_5.2.2\lib\</path>
         <kind>archive</kind>
         <file>rtsv7M4_T_le_v4SPD16_eabi.lib</file>
         <name>fd_cmp_t2.obj</name>
      </input_file>
      <input_file id="fl-13a">
         <path>C:\ti\ccsv6\tools\compiler\ti-cgt-arm_5.2.2\lib\</path>
         <kind>archive</kind>
         <file>rtsv7M4_T_le_v4SPD16_eabi.lib</file>
         <name>fd_div_t2.obj</name>
      </input_file>
      <input_file id="fl-13b">
         <path>C:\ti\ccsv6\tools\compiler\ti-cgt-arm_5.2.2\lib\</path>
         <kind>archive</kind>
         <file>rtsv7M4_T_le_v4SPD16_eabi.lib</file>
         <name>fd_mul_t2.obj</name>
      </input_file>
      <input_file id="fl-13c">
         <path>C:\ti\ccsv6\tools\compiler\ti-cgt-arm_5.2.2\lib\</path>
         <kind>archive</kind>
         <file>rtsv7M4_T_le_v4SPD16_eabi.lib</file>
         <name>fd_tos_t2.obj</name>
      </input_file>
      <input_file id="fl-13d">
         <path>C:\ti\ccsv6\tools\compiler\ti-cgt-arm_5.2.2\lib\</path>
         <kind>archive</kind>
         <file>rtsv7M4_T_le_v4SPD16_eabi.lib</file>
         <name>fd_tou_t2.obj</name>
      </input_file>
      <input_file id="fl-13e">
         <path>C:\ti\ccsv6\tools\compiler\ti-cgt-arm_5.2.2\lib\</path>
         <kind>archive</kind>
         <file>rtsv7M4_T_le_v4SPD16_eabi.lib</file>
         <name>fs_tod_t2.obj</name>
      </input_file>
      <input_file id="fl-13f">
         <path>C:\ti\ccsv6\tools\compiler\ti-cgt-arm_5.2.2\lib\</path>
         <kind>archive</kind>
         <file>rtsv7M4_T_le_v4SPD16_eabi.lib</file>
         <name>memcpy_t2.obj</name>
      </input_file>
      <input_file id="fl-140">
         <path>C:\ti\ccsv6\tools\compiler\ti-cgt-arm_5.2.2\lib\</path>
         <kind>archive</kind>
         <file>rtsv7M4_T_le_v4SPD16_eabi.lib</file>
         <name>memset_t2.obj</name>
      </input_file>
      <input_file id="fl-141">
         <path>C:\ti\ccsv6\tools\compiler\ti-cgt-arm_5.2.2\lib\</path>
         <kind>archive</kind>
         <file>rtsv7M4_T_le_v4SPD16_eabi.lib</file>
         <name>pre_init.obj</name>
      </input_file>
      <input_file id="fl-142">
         <path>C:\ti\ccsv6\tools\compiler\ti-cgt-arm_5.2.2\lib\</path>
         <kind>archive</kind>
         <file>rtsv7M4_T_le_v4SPD16_eabi.lib</file>
         <name>stkdepth_vars.obj</name>
      </input_file>
      <input_file id="fl-143">
         <path>C:\ti\ccsv6\tools\compiler\ti-cgt-arm_5.2.2\lib\</path>
         <kind>archive</kind>
         <file>rtsv7M4_T_le_v4SPD16_eabi.lib</file>
         <name>u_tofd_t2.obj</name>
      </input_file>
      <input_file id="fl-144">
         <path>C:\ti\ccsv6\tools\compiler\ti-cgt-arm_5.2.2\lib\</path>
         <kind>archive</kind>
         <file>rtsv7M4_T_le_v4SPD16_eabi.lib</file>
         <name>_lock.obj</name>
      </input_file>
      <input_file id="fl-145">
         <path>C:\ti\ccsv6\tools\compiler\ti-cgt-arm_5.2.2\lib\</path>
         <kind>archive</kind>
         <file>rtsv7M4_T_le_v4SPD16_eabi.lib</file>
         <name>args_main.obj</name>
      </input_file>
      <input_file id="fl-146">
         <path>C:\ti\ccsv6\tools\compiler\ti-cgt-arm_5.2.2\lib\</path>
         <kind>archive</kind>
         <file>rtsv7M4_T_le_v4SPD16_eabi.lib</file>
         <name>autoinit.obj</name>
      </input_file>
      <input_file id="fl-147">
         <path>C:\ti\ccsv6\tools\compiler\ti-cgt-arm_5.2.2\lib\</path>
         <kind>archive</kind>
         <file>rtsv7M4_T_le_v4SPD16_eabi.lib</file>
         <name>cpy_tbl.obj</name>
      </input_file>
   </input_file_list>
   <object_component_list>
      <object_component id="oc-f">
         <name>.intvecs</name>
         <load_address>0x0</load_address>
         <run_address>0x0</run_address>
         <size>0x26c</size>
         <input_file_ref idref="fl-5"/>
      </object_component>
      <object_component id="oc-9d">
         <name>.text</name>
         <load_address>0x26c</load_address>
         <run_address>0x26c</run_address>
         <size>0x780</size>
         <input_file_ref idref="fl-3"/>
      </object_component>
      <object_component id="oc-10d">
         <name>.text</name>
         <load_address>0x9ec</load_address>
         <run_address>0x9ec</run_address>
         <size>0x264</size>
         <input_file_ref idref="fl-4"/>
      </object_component>
      <object_component id="oc-102">
         <name>.text</name>
         <load_address>0xc50</load_address>
         <run_address>0xc50</run_address>
         <size>0x1b6</size>
         <input_file_ref idref="fl-138"/>
      </object_component>
      <object_component id="oc-f8">
         <name>.text</name>
         <load_address>0xe06</load_address>
         <run_address>0xe06</run_address>
         <size>0x136</size>
         <input_file_ref idref="fl-13a"/>
      </object_component>
      <object_component id="oc-1a3">
         <name>.text:GPIOPadConfigSet</name>
         <load_address>0xf3c</load_address>
         <run_address>0xf3c</run_address>
         <size>0x130</size>
         <input_file_ref idref="fl-c"/>
      </object_component>
      <object_component id="oc-1d9">
         <name>.text:SysCtlClockGet</name>
         <load_address>0x106c</load_address>
         <run_address>0x106c</run_address>
         <size>0x10c</size>
         <input_file_ref idref="fl-f"/>
      </object_component>
      <object_component id="oc-113">
         <name>.text</name>
         <load_address>0x1178</load_address>
         <run_address>0x1178</run_address>
         <size>0x100</size>
         <input_file_ref idref="fl-2"/>
      </object_component>
      <object_component id="oc-f3">
         <name>.text</name>
         <load_address>0x1278</load_address>
         <run_address>0x1278</run_address>
         <size>0xfc</size>
         <input_file_ref idref="fl-13b"/>
      </object_component>
      <object_component id="oc-185">
         <name>.text:SysCtlClockSet</name>
         <load_address>0x1374</load_address>
         <run_address>0x1374</run_address>
         <size>0xf0</size>
         <input_file_ref idref="fl-f"/>
      </object_component>
      <object_component id="oc-33">
         <name>.text</name>
         <load_address>0x1464</load_address>
         <run_address>0x1464</run_address>
         <size>0x9c</size>
         <input_file_ref idref="fl-13f"/>
      </object_component>
      <object_component id="oc-128">
         <name>.text:__aeabi_cdcmple</name>
         <load_address>0x1500</load_address>
         <run_address>0x1500</run_address>
         <size>0x86</size>
         <input_file_ref idref="fl-139"/>
      </object_component>
      <object_component id="oc-12e">
         <name>.text:__aeabi_cdrcmple</name>
         <load_address>0x1586</load_address>
         <run_address>0x1586</run_address>
         <size>0x86</size>
         <input_file_ref idref="fl-139"/>
      </object_component>
      <object_component id="oc-1c7">
         <name>.text:ADCSequenceStepConfigure</name>
         <load_address>0x160c</load_address>
         <run_address>0x160c</run_address>
         <size>0x7a</size>
         <input_file_ref idref="fl-b"/>
      </object_component>
      <object_component id="oc-4c">
         <name>.text</name>
         <load_address>0x1686</load_address>
         <run_address>0x1686</run_address>
         <size>0x7a</size>
         <input_file_ref idref="fl-140"/>
      </object_component>
      <object_component id="oc-5e">
         <name>.text</name>
         <load_address>0x1700</load_address>
         <run_address>0x1700</run_address>
         <size>0x6c</size>
         <input_file_ref idref="fl-146"/>
      </object_component>
      <object_component id="oc-3f">
         <name>.text</name>
         <load_address>0x176c</load_address>
         <run_address>0x176c</run_address>
         <size>0x6a</size>
         <input_file_ref idref="fl-135"/>
      </object_component>
      <object_component id="oc-16f">
         <name>.text:IntEnable</name>
         <load_address>0x17d8</load_address>
         <run_address>0x17d8</run_address>
         <size>0x68</size>
         <input_file_ref idref="fl-d"/>
      </object_component>
      <object_component id="oc-1d3">
         <name>.text:TimerConfigure</name>
         <load_address>0x1840</load_address>
         <run_address>0x1840</run_address>
         <size>0x60</size>
         <input_file_ref idref="fl-10"/>
      </object_component>
      <object_component id="oc-1a9">
         <name>.text:GPIOIntTypeSet</name>
         <load_address>0x18a0</load_address>
         <run_address>0x18a0</run_address>
         <size>0x56</size>
         <input_file_ref idref="fl-c"/>
      </object_component>
      <object_component id="oc-24">
         <name>.text</name>
         <load_address>0x18f8</load_address>
         <run_address>0x18f8</run_address>
         <size>0x50</size>
         <input_file_ref idref="fl-133"/>
      </object_component>
      <object_component id="oc-216">
         <name>.text:_TimerIntNumberGet</name>
         <load_address>0x1948</load_address>
         <run_address>0x1948</run_address>
         <size>0x4c</size>
         <input_file_ref idref="fl-10"/>
      </object_component>
      <object_component id="oc-95">
         <name>.text</name>
         <load_address>0x1994</load_address>
         <run_address>0x1994</run_address>
         <size>0x4c</size>
         <input_file_ref idref="fl-147"/>
      </object_component>
      <object_component id="oc-fd">
         <name>.text</name>
         <load_address>0x19e0</load_address>
         <run_address>0x19e0</run_address>
         <size>0x4a</size>
         <input_file_ref idref="fl-13c"/>
      </object_component>
      <object_component id="oc-6a">
         <name>.text</name>
         <load_address>0x1a2c</load_address>
         <run_address>0x1a2c</run_address>
         <size>0x44</size>
         <input_file_ref idref="fl-137"/>
      </object_component>
      <object_component id="oc-1e4">
         <name>.text</name>
         <load_address>0x1a70</load_address>
         <run_address>0x1a70</run_address>
         <size>0x44</size>
         <input_file_ref idref="fl-13d"/>
      </object_component>
      <object_component id="oc-163">
         <name>.text:_GPIOIntNumberGet</name>
         <load_address>0x1ab4</load_address>
         <run_address>0x1ab4</run_address>
         <size>0x40</size>
         <input_file_ref idref="fl-c"/>
      </object_component>
      <object_component id="oc-1c1">
         <name>.text:ADCSequenceConfigure</name>
         <load_address>0x1af4</load_address>
         <run_address>0x1af4</run_address>
         <size>0x3e</size>
         <input_file_ref idref="fl-b"/>
      </object_component>
      <object_component id="oc-ee">
         <name>.text</name>
         <load_address>0x1b32</load_address>
         <run_address>0x1b32</run_address>
         <size>0x38</size>
         <input_file_ref idref="fl-13e"/>
      </object_component>
      <object_component id="oc-169">
         <name>.text:IntRegister</name>
         <load_address>0x1b6c</load_address>
         <run_address>0x1b6c</run_address>
         <size>0x34</size>
         <input_file_ref idref="fl-d"/>
      </object_component>
      <object_component id="oc-191">
         <name>.text:SysCtlPeripheralEnable</name>
         <load_address>0x1ba0</load_address>
         <run_address>0x1ba0</run_address>
         <size>0x34</size>
         <input_file_ref idref="fl-f"/>
      </object_component>
      <object_component id="oc-e2">
         <name>.text:ADCIntStatus</name>
         <load_address>0x1bd4</load_address>
         <run_address>0x1bd4</run_address>
         <size>0x2e</size>
         <input_file_ref idref="fl-b"/>
      </object_component>
      <object_component id="oc-23d">
         <name>.text:GPIODirModeSet</name>
         <load_address>0x1c02</load_address>
         <run_address>0x1c02</run_address>
         <size>0x2a</size>
         <input_file_ref idref="fl-c"/>
      </object_component>
      <object_component id="oc-1fb">
         <name>.text:PWMGenConfigure</name>
         <load_address>0x1c2c</load_address>
         <run_address>0x1c2c</run_address>
         <size>0x22</size>
         <input_file_ref idref="fl-e"/>
      </object_component>
      <object_component id="oc-1df">
         <name>.text</name>
         <load_address>0x1c4e</load_address>
         <run_address>0x1c4e</run_address>
         <size>0x20</size>
         <input_file_ref idref="fl-143"/>
      </object_component>
      <object_component id="oc-e8">
         <name>.text:ADCSequenceDataGet</name>
         <load_address>0x1c6e</load_address>
         <run_address>0x1c6e</run_address>
         <size>0x1e</size>
         <input_file_ref idref="fl-b"/>
      </object_component>
      <object_component id="oc-119">
         <name>.text:PWMPulseWidthSet</name>
         <load_address>0x1c8c</load_address>
         <run_address>0x1c8c</run_address>
         <size>0x1e</size>
         <input_file_ref idref="fl-e"/>
      </object_component>
      <object_component id="oc-dc">
         <name>.text:ADCProcessorTrigger</name>
         <load_address>0x1caa</load_address>
         <run_address>0x1caa</run_address>
         <size>0x18</size>
         <input_file_ref idref="fl-b"/>
      </object_component>
      <object_component id="oc-ca">
         <name>.text:GPIOIntRegister</name>
         <load_address>0x1cc2</load_address>
         <run_address>0x1cc2</run_address>
         <size>0x18</size>
         <input_file_ref idref="fl-c"/>
      </object_component>
      <object_component id="oc-197">
         <name>.text:GPIOPinTypeGPIOOutput</name>
         <load_address>0x1cda</load_address>
         <run_address>0x1cda</run_address>
         <size>0x18</size>
         <input_file_ref idref="fl-c"/>
      </object_component>
      <object_component id="oc-138">
         <name>.text:TimerIntRegister</name>
         <load_address>0x1cf2</load_address>
         <run_address>0x1cf2</run_address>
         <size>0x18</size>
         <input_file_ref idref="fl-10"/>
      </object_component>
      <object_component id="oc-64">
         <name>.text</name>
         <load_address>0x1d0c</load_address>
         <run_address>0x1d0c</run_address>
         <size>0x18</size>
         <input_file_ref idref="fl-145"/>
      </object_component>
      <object_component id="oc-18b">
         <name>.text:SysCtlPWMClockSet</name>
         <load_address>0x1d24</load_address>
         <run_address>0x1d24</run_address>
         <size>0x14</size>
         <input_file_ref idref="fl-f"/>
      </object_component>
      <object_component id="oc-14b">
         <name>.text</name>
         <load_address>0x1d38</load_address>
         <run_address>0x1d38</run_address>
         <size>0x14</size>
         <input_file_ref idref="fl-144"/>
      </object_component>
      <object_component id="oc-1bb">
         <name>.text:ADCHardwareOversampleConfigure</name>
         <load_address>0x1d4c</load_address>
         <run_address>0x1d4c</run_address>
         <size>0x12</size>
         <input_file_ref idref="fl-b"/>
      </object_component>
      <object_component id="oc-19d">
         <name>.text:GPIOPinTypeGPIOInput</name>
         <load_address>0x1d5e</load_address>
         <run_address>0x1d5e</run_address>
         <size>0x12</size>
         <input_file_ref idref="fl-c"/>
      </object_component>
      <object_component id="oc-1b5">
         <name>.text:GPIOPinTypePWM</name>
         <load_address>0x1d70</load_address>
         <run_address>0x1d70</run_address>
         <size>0x12</size>
         <input_file_ref idref="fl-c"/>
      </object_component>
      <object_component id="oc-107">
         <name>.text:PWMOutputState</name>
         <load_address>0x1d82</load_address>
         <run_address>0x1d82</run_address>
         <size>0x12</size>
         <input_file_ref idref="fl-e"/>
      </object_component>
      <object_component id="oc-1e9">
         <name>.text:TimerLoadSet</name>
         <load_address>0x1d94</load_address>
         <run_address>0x1d94</run_address>
         <size>0x12</size>
         <input_file_ref idref="fl-10"/>
      </object_component>
      <object_component id="oc-201">
         <name>.text:PWMGenPeriodSet</name>
         <load_address>0x1da6</load_address>
         <run_address>0x1da6</run_address>
         <size>0x10</size>
         <input_file_ref idref="fl-e"/>
      </object_component>
      <object_component id="oc-1cd">
         <name>.text:ADCSequenceEnable</name>
         <load_address>0x1db6</load_address>
         <run_address>0x1db6</run_address>
         <size>0xe</size>
         <input_file_ref idref="fl-b"/>
      </object_component>
      <object_component id="oc-c4">
         <name>.text:GPIOIntDisable</name>
         <load_address>0x1dc4</load_address>
         <run_address>0x1dc4</run_address>
         <size>0xe</size>
         <input_file_ref idref="fl-c"/>
      </object_component>
      <object_component id="oc-1f5">
         <name>.text:TimerEnable</name>
         <load_address>0x1dd2</load_address>
         <run_address>0x1dd2</run_address>
         <size>0xe</size>
         <input_file_ref idref="fl-10"/>
      </object_component>
      <object_component id="oc-12">
         <name>.text:decompress:none</name>
         <load_address>0x1de0</load_address>
         <run_address>0x1de0</run_address>
         <size>0xe</size>
         <input_file_ref idref="fl-134"/>
      </object_component>
      <object_component id="oc-1af">
         <name>.text:GPIOIntEnable</name>
         <load_address>0x1dee</load_address>
         <run_address>0x1dee</run_address>
         <size>0xc</size>
         <input_file_ref idref="fl-c"/>
      </object_component>
      <object_component id="oc-207">
         <name>.text:PWMGenEnable</name>
         <load_address>0x1dfa</load_address>
         <run_address>0x1dfa</run_address>
         <size>0xc</size>
         <input_file_ref idref="fl-e"/>
      </object_component>
      <object_component id="oc-1e">
         <name>.text:decompress:ZI</name>
         <load_address>0x1e06</load_address>
         <run_address>0x1e06</run_address>
         <size>0xc</size>
         <input_file_ref idref="fl-136"/>
      </object_component>
      <object_component id="oc-2a">
         <name>.text</name>
         <load_address>0x1e12</load_address>
         <run_address>0x1e12</run_address>
         <size>0xc</size>
         <input_file_ref idref="fl-5"/>
      </object_component>
      <object_component id="oc-d6">
         <name>.text:ADCIntClear</name>
         <load_address>0x1e1e</load_address>
         <run_address>0x1e1e</run_address>
         <size>0xa</size>
         <input_file_ref idref="fl-b"/>
      </object_component>
      <object_component id="oc-1ef">
         <name>.text:TimerIntEnable</name>
         <load_address>0x1e28</load_address>
         <run_address>0x1e28</run_address>
         <size>0x8</size>
         <input_file_ref idref="fl-10"/>
      </object_component>
      <object_component id="oc-be">
         <name>.text:GPIOIntClear</name>
         <load_address>0x1e30</load_address>
         <run_address>0x1e30</run_address>
         <size>0x6</size>
         <input_file_ref idref="fl-c"/>
      </object_component>
      <object_component id="oc-238">
         <name>.text:SysCtlDelay</name>
         <load_address>0x1e36</load_address>
         <run_address>0x1e36</run_address>
         <size>0x6</size>
         <input_file_ref idref="fl-f"/>
      </object_component>
      <object_component id="oc-18">
         <name>.text:decompress:rle24</name>
         <load_address>0x1e3c</load_address>
         <run_address>0x1e3c</run_address>
         <size>0x6</size>
         <input_file_ref idref="fl-135"/>
      </object_component>
      <object_component id="oc-d0">
         <name>.text:TimerIntClear</name>
         <load_address>0x1e42</load_address>
         <run_address>0x1e42</run_address>
         <size>0x4</size>
         <input_file_ref idref="fl-10"/>
      </object_component>
      <object_component id="oc-58">
         <name>.text</name>
         <load_address>0x1e46</load_address>
         <run_address>0x1e46</run_address>
         <size>0x4</size>
         <input_file_ref idref="fl-141"/>
      </object_component>
      <object_component id="oc-222">
         <name>.const:g_ppui32GPIOIntMapBlizzard</name>
         <load_address>0x1e4c</load_address>
         <run_address>0x1e4c</run_address>
         <size>0xc0</size>
         <input_file_ref idref="fl-c"/>
      </object_component>
      <object_component id="oc-225">
         <name>.const:g_ppui32GPIOIntMapSnowflake</name>
         <load_address>0x1f0c</load_address>
         <run_address>0x1f0c</run_address>
         <size>0xc0</size>
         <input_file_ref idref="fl-c"/>
      </object_component>
      <object_component id="oc-22e">
         <name>.const</name>
         <load_address>0x1fcc</load_address>
         <run_address>0x1fcc</run_address>
         <size>0x70</size>
         <input_file_ref idref="fl-d"/>
      </object_component>
      <object_component id="oc-24e">
         <name>.const:g_pui32Xtals</name>
         <load_address>0x203c</load_address>
         <run_address>0x203c</run_address>
         <size>0x6c</size>
         <input_file_ref idref="fl-f"/>
      </object_component>
      <object_component id="oc-25a">
         <name>.const:g_ppui32TimerIntMap</name>
         <load_address>0x20a8</load_address>
         <run_address>0x20a8</run_address>
         <size>0x60</size>
         <input_file_ref idref="fl-10"/>
      </object_component>
      <object_component id="oc-25d">
         <name>.const:g_ppui32TimerIntMapSnowflake</name>
         <load_address>0x2108</load_address>
         <run_address>0x2108</run_address>
         <size>0x40</size>
         <input_file_ref idref="fl-10"/>
      </object_component>
      <object_component id="oc-29d">
         <name>.cinit..data.load</name>
         <load_address>0x2148</load_address>
         <run_address>0x2148</run_address>
         <size>0x17</size>
      </object_component>
      <object_component id="oc-29a">
         <name>__TI_handler_table</name>
         <load_address>0x2160</load_address>
         <run_address>0x2160</run_address>
         <size>0xc</size>
      </object_component>
      <object_component id="oc-29e">
         <name>.cinit..bss.load</name>
         <load_address>0x2170</load_address>
         <run_address>0x2170</run_address>
         <size>0x8</size>
      </object_component>
      <object_component id="oc-29c">
         <name>.cinit..vtable.load</name>
         <load_address>0x2178</load_address>
         <run_address>0x2178</run_address>
         <size>0x8</size>
      </object_component>
      <object_component id="oc-29b">
         <name>__TI_cinit_table</name>
         <load_address>0x2180</load_address>
         <run_address>0x2180</run_address>
         <size>0x18</size>
      </object_component>
      <object_component id="oc-229">
         <name>.vtable</name>
         <uninitialized>true</uninitialized>
         <run_address>0x20000000</run_address>
         <size>0x26c</size>
         <input_file_ref idref="fl-d"/>
      </object_component>
      <object_component id="oc-29">
         <name>.stack</name>
         <uninitialized>true</uninitialized>
         <run_address>0x2000026c</run_address>
         <size>0x0</size>
         <input_file_ref idref="fl-133"/>
      </object_component>
      <object_component id="oc-29f">
         <name>.stack</name>
         <uninitialized>true</uninitialized>
         <run_address>0x2000026c</run_address>
         <size>0x0</size>
      </object_component>
      <object_component id="oc-133">
         <name>.common:V</name>
         <uninitialized>true</uninitialized>
         <run_address>0x2000049c</run_address>
         <size>0x4</size>
      </object_component>
      <object_component id="oc-125">
         <name>.common:V_pv</name>
         <uninitialized>true</uninitialized>
         <run_address>0x200004a8</run_address>
         <size>0x4</size>
      </object_component>
      <object_component id="oc-134">
         <name>.common:P</name>
         <uninitialized>true</uninitialized>
         <run_address>0x20000498</run_address>
         <size>0x4</size>
      </object_component>
      <object_component id="oc-126">
         <name>.common:I_pv</name>
         <uninitialized>true</uninitialized>
         <run_address>0x20000494</run_address>
         <size>0x4</size>
      </object_component>
      <object_component id="oc-127">
         <name>.common:V_bat</name>
         <uninitialized>true</uninitialized>
         <run_address>0x200004a0</run_address>
         <size>0x4</size>
      </object_component>
      <object_component id="oc-12d">
         <name>.common:I_bat</name>
         <uninitialized>true</uninitialized>
         <run_address>0x2000048c</run_address>
         <size>0x4</size>
      </object_component>
      <object_component id="oc-136">
         <name>.common:V_led</name>
         <uninitialized>true</uninitialized>
         <run_address>0x200004a4</run_address>
         <size>0x4</size>
      </object_component>
      <object_component id="oc-137">
         <name>.common:I_led</name>
         <uninitialized>true</uninitialized>
         <run_address>0x20000490</run_address>
         <size>0x4</size>
      </object_component>
      <object_component id="oc-135">
         <name>.common:diff</name>
         <uninitialized>true</uninitialized>
         <run_address>0x200004ac</run_address>
         <size>0x4</size>
      </object_component>
      <object_component id="oc-122">
         <name>.common:ADC0Value</name>
         <uninitialized>true</uninitialized>
         <run_address>0x2000046c</run_address>
         <size>0x20</size>
      </object_component>
      <object_component id="oc-11f">
         <name>.data</name>
         <load_address>0x200004c0</load_address>
         <run_address>0x200004c0</run_address>
         <size>0x6</size>
         <input_file_ref idref="fl-3"/>
      </object_component>
      <object_component id="oc-a8">
         <name>.data</name>
         <load_address>0x200004b8</load_address>
         <run_address>0x200004b8</run_address>
         <size>0x8</size>
         <input_file_ref idref="fl-137"/>
      </object_component>
      <object_component id="oc-70">
         <name>.data</name>
         <load_address>0x200004c8</load_address>
         <run_address>0x200004c8</run_address>
         <size>0x4</size>
         <input_file_ref idref="fl-142"/>
      </object_component>
      <object_component id="oc-a5">
         <name>.data</name>
         <load_address>0x200004b0</load_address>
         <run_address>0x200004b0</run_address>
         <size>0x8</size>
         <input_file_ref idref="fl-144"/>
      </object_component>
      <object_component id="oc-114">
         <name>.debug_info</name>
         <load_address>0x0</load_address>
         <run_address>0x0</run_address>
         <size>0x1c2</size>
         <input_file_ref idref="fl-2"/>
      </object_component>
      <object_component id="oc-77">
         <name>.debug_info</name>
         <load_address>0x1c2</load_address>
         <run_address>0x1c2</run_address>
         <size>0x84</size>
         <input_file_ref idref="fl-2"/>
      </object_component>
      <object_component id="oc-7c">
         <name>.debug_info</name>
         <load_address>0x246</load_address>
         <run_address>0x246</run_address>
         <size>0x18b</size>
         <input_file_ref idref="fl-2"/>
      </object_component>
      <object_component id="oc-123">
         <name>.debug_info</name>
         <load_address>0x3d1</load_address>
         <run_address>0x3d1</run_address>
         <size>0x520</size>
         <input_file_ref idref="fl-3"/>
      </object_component>
      <object_component id="oc-120">
         <name>.debug_info</name>
         <load_address>0x8f1</load_address>
         <run_address>0x8f1</run_address>
         <size>0x118</size>
         <input_file_ref idref="fl-3"/>
      </object_component>
      <object_component id="oc-9f">
         <name>.debug_info</name>
         <load_address>0xa09</load_address>
         <run_address>0xa09</run_address>
         <size>0x7b8</size>
         <input_file_ref idref="fl-3"/>
      </object_component>
      <object_component id="oc-13f">
         <name>.debug_info</name>
         <load_address>0x11c1</load_address>
         <run_address>0x11c1</run_address>
         <size>0x8b</size>
         <input_file_ref idref="fl-3"/>
      </object_component>
      <object_component id="oc-10e">
         <name>.debug_info</name>
         <load_address>0x124c</load_address>
         <run_address>0x124c</run_address>
         <size>0x7f7</size>
         <input_file_ref idref="fl-4"/>
      </object_component>
      <object_component id="oc-32">
         <name>.debug_info</name>
         <load_address>0x1a43</load_address>
         <run_address>0x1a43</run_address>
         <size>0x102</size>
         <input_file_ref idref="fl-5"/>
      </object_component>
      <object_component id="oc-10">
         <name>.debug_info</name>
         <load_address>0x1b45</load_address>
         <run_address>0x1b45</run_address>
         <size>0xe7</size>
         <input_file_ref idref="fl-5"/>
      </object_component>
      <object_component id="oc-2d">
         <name>.debug_info</name>
         <load_address>0x1c2c</load_address>
         <run_address>0x1c2c</run_address>
         <size>0x263</size>
         <input_file_ref idref="fl-5"/>
      </object_component>
      <object_component id="oc-179">
         <name>.debug_info</name>
         <load_address>0x1e8f</load_address>
         <run_address>0x1e8f</run_address>
         <size>0x23d</size>
         <input_file_ref idref="fl-b"/>
      </object_component>
      <object_component id="oc-1c8">
         <name>.debug_info</name>
         <load_address>0x20cc</load_address>
         <run_address>0x20cc</run_address>
         <size>0x333</size>
         <input_file_ref idref="fl-b"/>
      </object_component>
      <object_component id="oc-1ce">
         <name>.debug_info</name>
         <load_address>0x23ff</load_address>
         <run_address>0x23ff</run_address>
         <size>0x2a0</size>
         <input_file_ref idref="fl-b"/>
      </object_component>
      <object_component id="oc-e9">
         <name>.debug_info</name>
         <load_address>0x269f</load_address>
         <run_address>0x269f</run_address>
         <size>0x2ff</size>
         <input_file_ref idref="fl-b"/>
      </object_component>
      <object_component id="oc-1c2">
         <name>.debug_info</name>
         <load_address>0x299e</load_address>
         <run_address>0x299e</run_address>
         <size>0x326</size>
         <input_file_ref idref="fl-b"/>
      </object_component>
      <object_component id="oc-dd">
         <name>.debug_info</name>
         <load_address>0x2cc4</load_address>
         <run_address>0x2cc4</run_address>
         <size>0x2a4</size>
         <input_file_ref idref="fl-b"/>
      </object_component>
      <object_component id="oc-e3">
         <name>.debug_info</name>
         <load_address>0x2f68</load_address>
         <run_address>0x2f68</run_address>
         <size>0x2e7</size>
         <input_file_ref idref="fl-b"/>
      </object_component>
      <object_component id="oc-d7">
         <name>.debug_info</name>
         <load_address>0x324f</load_address>
         <run_address>0x324f</run_address>
         <size>0x294</size>
         <input_file_ref idref="fl-b"/>
      </object_component>
      <object_component id="oc-1bc">
         <name>.debug_info</name>
         <load_address>0x34e3</load_address>
         <run_address>0x34e3</run_address>
         <size>0x2c1</size>
         <input_file_ref idref="fl-b"/>
      </object_component>
      <object_component id="oc-161">
         <name>.debug_info</name>
         <load_address>0x37a4</load_address>
         <run_address>0x37a4</run_address>
         <size>0x230</size>
         <input_file_ref idref="fl-c"/>
      </object_component>
      <object_component id="oc-223">
         <name>.debug_info</name>
         <load_address>0x39d4</load_address>
         <run_address>0x39d4</run_address>
         <size>0x167</size>
         <input_file_ref idref="fl-c"/>
      </object_component>
      <object_component id="oc-226">
         <name>.debug_info</name>
         <load_address>0x3b3b</load_address>
         <run_address>0x3b3b</run_address>
         <size>0x169</size>
         <input_file_ref idref="fl-c"/>
      </object_component>
      <object_component id="oc-23e">
         <name>.debug_info</name>
         <load_address>0x3ca4</load_address>
         <run_address>0x3ca4</run_address>
         <size>0x2b3</size>
         <input_file_ref idref="fl-c"/>
      </object_component>
      <object_component id="oc-1a4">
         <name>.debug_info</name>
         <load_address>0x3f57</load_address>
         <run_address>0x3f57</run_address>
         <size>0x316</size>
         <input_file_ref idref="fl-c"/>
      </object_component>
      <object_component id="oc-1b6">
         <name>.debug_info</name>
         <load_address>0x426d</load_address>
         <run_address>0x426d</run_address>
         <size>0x2a9</size>
         <input_file_ref idref="fl-c"/>
      </object_component>
      <object_component id="oc-198">
         <name>.debug_info</name>
         <load_address>0x4516</load_address>
         <run_address>0x4516</run_address>
         <size>0x2b7</size>
         <input_file_ref idref="fl-c"/>
      </object_component>
      <object_component id="oc-19e">
         <name>.debug_info</name>
         <load_address>0x47cd</load_address>
         <run_address>0x47cd</run_address>
         <size>0x2b5</size>
         <input_file_ref idref="fl-c"/>
      </object_component>
      <object_component id="oc-165">
         <name>.debug_info</name>
         <load_address>0x4a82</load_address>
         <run_address>0x4a82</run_address>
         <size>0x27e</size>
         <input_file_ref idref="fl-c"/>
      </object_component>
      <object_component id="oc-1ab">
         <name>.debug_info</name>
         <load_address>0x4d00</load_address>
         <run_address>0x4d00</run_address>
         <size>0x2bb</size>
         <input_file_ref idref="fl-c"/>
      </object_component>
      <object_component id="oc-cc">
         <name>.debug_info</name>
         <load_address>0x4fbb</load_address>
         <run_address>0x4fbb</run_address>
         <size>0x2e8</size>
         <input_file_ref idref="fl-c"/>
      </object_component>
      <object_component id="oc-1b1">
         <name>.debug_info</name>
         <load_address>0x52a3</load_address>
         <run_address>0x52a3</run_address>
         <size>0x28f</size>
         <input_file_ref idref="fl-c"/>
      </object_component>
      <object_component id="oc-c6">
         <name>.debug_info</name>
         <load_address>0x5532</load_address>
         <run_address>0x5532</run_address>
         <size>0x291</size>
         <input_file_ref idref="fl-c"/>
      </object_component>
      <object_component id="oc-c0">
         <name>.debug_info</name>
         <load_address>0x57c3</load_address>
         <run_address>0x57c3</run_address>
         <size>0x28d</size>
         <input_file_ref idref="fl-c"/>
      </object_component>
      <object_component id="oc-22d">
         <name>.debug_info</name>
         <load_address>0x5a50</load_address>
         <run_address>0x5a50</run_address>
         <size>0x20e</size>
         <input_file_ref idref="fl-d"/>
      </object_component>
      <object_component id="oc-22f">
         <name>.debug_info</name>
         <load_address>0x5c5e</load_address>
         <run_address>0x5c5e</run_address>
         <size>0x210</size>
         <input_file_ref idref="fl-d"/>
      </object_component>
      <object_component id="oc-22a">
         <name>.debug_info</name>
         <load_address>0x5e6e</load_address>
         <run_address>0x5e6e</run_address>
         <size>0x157</size>
         <input_file_ref idref="fl-d"/>
      </object_component>
      <object_component id="oc-16b">
         <name>.debug_info</name>
         <load_address>0x5fc5</load_address>
         <run_address>0x5fc5</run_address>
         <size>0x2c1</size>
         <input_file_ref idref="fl-d"/>
      </object_component>
      <object_component id="oc-171">
         <name>.debug_info</name>
         <load_address>0x6286</load_address>
         <run_address>0x6286</run_address>
         <size>0x268</size>
         <input_file_ref idref="fl-d"/>
      </object_component>
      <object_component id="oc-184">
         <name>.debug_info</name>
         <load_address>0x64ee</load_address>
         <run_address>0x64ee</run_address>
         <size>0x1ed</size>
         <input_file_ref idref="fl-e"/>
      </object_component>
      <object_component id="oc-11d">
         <name>.debug_info</name>
         <load_address>0x66db</load_address>
         <run_address>0x66db</run_address>
         <size>0x2f6</size>
         <input_file_ref idref="fl-e"/>
      </object_component>
      <object_component id="oc-10b">
         <name>.debug_info</name>
         <load_address>0x69d1</load_address>
         <run_address>0x69d1</run_address>
         <size>0x2c4</size>
         <input_file_ref idref="fl-e"/>
      </object_component>
      <object_component id="oc-202">
         <name>.debug_info</name>
         <load_address>0x6c95</load_address>
         <run_address>0x6c95</run_address>
         <size>0x2b6</size>
         <input_file_ref idref="fl-e"/>
      </object_component>
      <object_component id="oc-208">
         <name>.debug_info</name>
         <load_address>0x6f4b</load_address>
         <run_address>0x6f4b</run_address>
         <size>0x276</size>
         <input_file_ref idref="fl-e"/>
      </object_component>
      <object_component id="oc-1fc">
         <name>.debug_info</name>
         <load_address>0x71c1</load_address>
         <run_address>0x71c1</run_address>
         <size>0x2b3</size>
         <input_file_ref idref="fl-e"/>
      </object_component>
      <object_component id="oc-23a">
         <name>.debug_info</name>
         <load_address>0x7474</load_address>
         <run_address>0x7474</run_address>
         <size>0x27f</size>
         <input_file_ref idref="fl-f"/>
      </object_component>
      <object_component id="oc-24f">
         <name>.debug_info</name>
         <load_address>0x76f3</load_address>
         <run_address>0x76f3</run_address>
         <size>0x14d</size>
         <input_file_ref idref="fl-f"/>
      </object_component>
      <object_component id="oc-193">
         <name>.debug_info</name>
         <load_address>0x7840</load_address>
         <run_address>0x7840</run_address>
         <size>0x27d</size>
         <input_file_ref idref="fl-f"/>
      </object_component>
      <object_component id="oc-18d">
         <name>.debug_info</name>
         <load_address>0x7abd</load_address>
         <run_address>0x7abd</run_address>
         <size>0x263</size>
         <input_file_ref idref="fl-f"/>
      </object_component>
      <object_component id="oc-187">
         <name>.debug_info</name>
         <load_address>0x7d20</load_address>
         <run_address>0x7d20</run_address>
         <size>0x2db</size>
         <input_file_ref idref="fl-f"/>
      </object_component>
      <object_component id="oc-1db">
         <name>.debug_info</name>
         <load_address>0x7ffb</load_address>
         <run_address>0x7ffb</run_address>
         <size>0x2b5</size>
         <input_file_ref idref="fl-f"/>
      </object_component>
      <object_component id="oc-26d">
         <name>.debug_info</name>
         <load_address>0x82b0</load_address>
         <run_address>0x82b0</run_address>
         <size>0x5f</size>
         <input_file_ref idref="fl-f"/>
      </object_component>
      <object_component id="oc-177">
         <name>.debug_info</name>
         <load_address>0x830f</load_address>
         <run_address>0x830f</run_address>
         <size>0x228</size>
         <input_file_ref idref="fl-10"/>
      </object_component>
      <object_component id="oc-25b">
         <name>.debug_info</name>
         <load_address>0x8537</load_address>
         <run_address>0x8537</run_address>
         <size>0x15a</size>
         <input_file_ref idref="fl-10"/>
      </object_component>
      <object_component id="oc-25e">
         <name>.debug_info</name>
         <load_address>0x8691</load_address>
         <run_address>0x8691</run_address>
         <size>0x16c</size>
         <input_file_ref idref="fl-10"/>
      </object_component>
      <object_component id="oc-1ed">
         <name>.debug_info</name>
         <load_address>0x87fd</load_address>
         <run_address>0x87fd</run_address>
         <size>0x2ba</size>
         <input_file_ref idref="fl-10"/>
      </object_component>
      <object_component id="oc-21a">
         <name>.debug_info</name>
         <load_address>0x8ab7</load_address>
         <run_address>0x8ab7</run_address>
         <size>0x2eb</size>
         <input_file_ref idref="fl-10"/>
      </object_component>
      <object_component id="oc-13c">
         <name>.debug_info</name>
         <load_address>0x8da2</load_address>
         <run_address>0x8da2</run_address>
         <size>0x318</size>
         <input_file_ref idref="fl-10"/>
      </object_component>
      <object_component id="oc-1f3">
         <name>.debug_info</name>
         <load_address>0x90ba</load_address>
         <run_address>0x90ba</run_address>
         <size>0x294</size>
         <input_file_ref idref="fl-10"/>
      </object_component>
      <object_component id="oc-d3">
         <name>.debug_info</name>
         <load_address>0x934e</load_address>
         <run_address>0x934e</run_address>
         <size>0x292</size>
         <input_file_ref idref="fl-10"/>
      </object_component>
      <object_component id="oc-1f8">
         <name>.debug_info</name>
         <load_address>0x95e0</load_address>
         <run_address>0x95e0</run_address>
         <size>0x27f</size>
         <input_file_ref idref="fl-10"/>
      </object_component>
      <object_component id="oc-1d6">
         <name>.debug_info</name>
         <load_address>0x985f</load_address>
         <run_address>0x985f</run_address>
         <size>0x28c</size>
         <input_file_ref idref="fl-10"/>
      </object_component>
      <object_component id="oc-25">
         <name>.debug_info</name>
         <load_address>0x9aeb</load_address>
         <run_address>0x9aeb</run_address>
         <size>0x138</size>
         <input_file_ref idref="fl-133"/>
      </object_component>
      <object_component id="oc-3e">
         <name>.debug_info</name>
         <load_address>0x9c23</load_address>
         <run_address>0x9c23</run_address>
         <size>0x123</size>
         <input_file_ref idref="fl-134"/>
      </object_component>
      <object_component id="oc-15">
         <name>.debug_info</name>
         <load_address>0x9d46</load_address>
         <run_address>0x9d46</run_address>
         <size>0x1c2</size>
         <input_file_ref idref="fl-134"/>
      </object_component>
      <object_component id="oc-39">
         <name>.debug_info</name>
         <load_address>0x9f08</load_address>
         <run_address>0x9f08</run_address>
         <size>0x46</size>
         <input_file_ref idref="fl-134"/>
      </object_component>
      <object_component id="oc-82">
         <name>.debug_info</name>
         <load_address>0x9f4e</load_address>
         <run_address>0x9f4e</run_address>
         <size>0x2c</size>
         <input_file_ref idref="fl-134"/>
      </object_component>
      <object_component id="oc-46">
         <name>.debug_info</name>
         <load_address>0x9f7a</load_address>
         <run_address>0x9f7a</run_address>
         <size>0x117</size>
         <input_file_ref idref="fl-135"/>
      </object_component>
      <object_component id="oc-40">
         <name>.debug_info</name>
         <load_address>0xa091</load_address>
         <run_address>0xa091</run_address>
         <size>0x22a</size>
         <input_file_ref idref="fl-135"/>
      </object_component>
      <object_component id="oc-19">
         <name>.debug_info</name>
         <load_address>0xa2bb</load_address>
         <run_address>0xa2bb</run_address>
         <size>0x1bc</size>
         <input_file_ref idref="fl-135"/>
      </object_component>
      <object_component id="oc-47">
         <name>.debug_info</name>
         <load_address>0xa477</load_address>
         <run_address>0xa477</run_address>
         <size>0x39</size>
         <input_file_ref idref="fl-135"/>
      </object_component>
      <object_component id="oc-8c">
         <name>.debug_info</name>
         <load_address>0xa4b0</load_address>
         <run_address>0xa4b0</run_address>
         <size>0x2c</size>
         <input_file_ref idref="fl-135"/>
      </object_component>
      <object_component id="oc-57">
         <name>.debug_info</name>
         <load_address>0xa4dc</load_address>
         <run_address>0xa4dc</run_address>
         <size>0x112</size>
         <input_file_ref idref="fl-136"/>
      </object_component>
      <object_component id="oc-1f">
         <name>.debug_info</name>
         <load_address>0xa5ee</load_address>
         <run_address>0xa5ee</run_address>
         <size>0x18d</size>
         <input_file_ref idref="fl-136"/>
      </object_component>
      <object_component id="oc-52">
         <name>.debug_info</name>
         <load_address>0xa77b</load_address>
         <run_address>0xa77b</run_address>
         <size>0x46</size>
         <input_file_ref idref="fl-136"/>
      </object_component>
      <object_component id="oc-ac">
         <name>.debug_info</name>
         <load_address>0xa7c1</load_address>
         <run_address>0xa7c1</run_address>
         <size>0x174</size>
         <input_file_ref idref="fl-137"/>
      </object_component>
      <object_component id="oc-a9">
         <name>.debug_info</name>
         <load_address>0xa935</load_address>
         <run_address>0xa935</run_address>
         <size>0x119</size>
         <input_file_ref idref="fl-137"/>
      </object_component>
      <object_component id="oc-6b">
         <name>.debug_info</name>
         <load_address>0xaa4e</load_address>
         <run_address>0xaa4e</run_address>
         <size>0x1f0</size>
         <input_file_ref idref="fl-137"/>
      </object_component>
      <object_component id="oc-104">
         <name>.debug_info</name>
         <load_address>0xac3e</load_address>
         <run_address>0xac3e</run_address>
         <size>0x12d</size>
         <input_file_ref idref="fl-138"/>
      </object_component>
      <object_component id="oc-12a">
         <name>.debug_info</name>
         <load_address>0xad6b</load_address>
         <run_address>0xad6b</run_address>
         <size>0x109</size>
         <input_file_ref idref="fl-139"/>
      </object_component>
      <object_component id="oc-130">
         <name>.debug_info</name>
         <load_address>0xae74</load_address>
         <run_address>0xae74</run_address>
         <size>0x10b</size>
         <input_file_ref idref="fl-139"/>
      </object_component>
      <object_component id="oc-f9">
         <name>.debug_info</name>
         <load_address>0xaf7f</load_address>
         <run_address>0xaf7f</run_address>
         <size>0x11b</size>
         <input_file_ref idref="fl-13a"/>
      </object_component>
      <object_component id="oc-f4">
         <name>.debug_info</name>
         <load_address>0xb09a</load_address>
         <run_address>0xb09a</run_address>
         <size>0x11b</size>
         <input_file_ref idref="fl-13b"/>
      </object_component>
      <object_component id="oc-fe">
         <name>.debug_info</name>
         <load_address>0xb1b5</load_address>
         <run_address>0xb1b5</run_address>
         <size>0x116</size>
         <input_file_ref idref="fl-13c"/>
      </object_component>
      <object_component id="oc-1e5">
         <name>.debug_info</name>
         <load_address>0xb2cb</load_address>
         <run_address>0xb2cb</run_address>
         <size>0x11a</size>
         <input_file_ref idref="fl-13d"/>
      </object_component>
      <object_component id="oc-f0">
         <name>.debug_info</name>
         <load_address>0xb3e5</load_address>
         <run_address>0xb3e5</run_address>
         <size>0x10d</size>
         <input_file_ref idref="fl-13e"/>
      </object_component>
      <object_component id="oc-36">
         <name>.debug_info</name>
         <load_address>0xb4f2</load_address>
         <run_address>0xb4f2</run_address>
         <size>0xfa</size>
         <input_file_ref idref="fl-13f"/>
      </object_component>
      <object_component id="oc-4f">
         <name>.debug_info</name>
         <load_address>0xb5ec</load_address>
         <run_address>0xb5ec</run_address>
         <size>0x12a</size>
         <input_file_ref idref="fl-140"/>
      </object_component>
      <object_component id="oc-5c">
         <name>.debug_info</name>
         <load_address>0xb716</load_address>
         <run_address>0xb716</run_address>
         <size>0x12b</size>
         <input_file_ref idref="fl-141"/>
      </object_component>
      <object_component id="oc-71">
         <name>.debug_info</name>
         <load_address>0xb841</load_address>
         <run_address>0xb841</run_address>
         <size>0xec</size>
         <input_file_ref idref="fl-142"/>
      </object_component>
      <object_component id="oc-1e0">
         <name>.debug_info</name>
         <load_address>0xb92d</load_address>
         <run_address>0xb92d</run_address>
         <size>0x10f</size>
         <input_file_ref idref="fl-143"/>
      </object_component>
      <object_component id="oc-153">
         <name>.debug_info</name>
         <load_address>0xba3c</load_address>
         <run_address>0xba3c</run_address>
         <size>0x107</size>
         <input_file_ref idref="fl-144"/>
      </object_component>
      <object_component id="oc-a6">
         <name>.debug_info</name>
         <load_address>0xbb43</load_address>
         <run_address>0xbb43</run_address>
         <size>0xf6</size>
         <input_file_ref idref="fl-144"/>
      </object_component>
      <object_component id="oc-14c">
         <name>.debug_info</name>
         <load_address>0xbc39</load_address>
         <run_address>0xbc39</run_address>
         <size>0x202</size>
         <input_file_ref idref="fl-144"/>
      </object_component>
      <object_component id="oc-a4">
         <name>.debug_info</name>
         <load_address>0xbe3b</load_address>
         <run_address>0xbe3b</run_address>
         <size>0x149</size>
         <input_file_ref idref="fl-145"/>
      </object_component>
      <object_component id="oc-68">
         <name>.debug_info</name>
         <load_address>0xbf84</load_address>
         <run_address>0xbf84</run_address>
         <size>0x14a</size>
         <input_file_ref idref="fl-145"/>
      </object_component>
      <object_component id="oc-146">
         <name>.debug_info</name>
         <load_address>0xc0ce</load_address>
         <run_address>0xc0ce</run_address>
         <size>0x5e</size>
         <input_file_ref idref="fl-145"/>
      </object_component>
      <object_component id="oc-9c">
         <name>.debug_info</name>
         <load_address>0xc12c</load_address>
         <run_address>0xc12c</run_address>
         <size>0x2a0</size>
         <input_file_ref idref="fl-146"/>
      </object_component>
      <object_component id="oc-5f">
         <name>.debug_info</name>
         <load_address>0xc3cc</load_address>
         <run_address>0xc3cc</run_address>
         <size>0x15a</size>
         <input_file_ref idref="fl-146"/>
      </object_component>
      <object_component id="oc-b4">
         <name>.debug_info</name>
         <load_address>0xc526</load_address>
         <run_address>0xc526</run_address>
         <size>0x39</size>
         <input_file_ref idref="fl-146"/>
      </object_component>
      <object_component id="oc-b9">
         <name>.debug_info</name>
         <load_address>0xc55f</load_address>
         <run_address>0xc55f</run_address>
         <size>0xcd</size>
         <input_file_ref idref="fl-146"/>
      </object_component>
      <object_component id="oc-b1">
         <name>.debug_info</name>
         <load_address>0xc62c</load_address>
         <run_address>0xc62c</run_address>
         <size>0x1c3</size>
         <input_file_ref idref="fl-147"/>
      </object_component>
      <object_component id="oc-97">
         <name>.debug_info</name>
         <load_address>0xc7ef</load_address>
         <run_address>0xc7ef</run_address>
         <size>0x17f</size>
         <input_file_ref idref="fl-147"/>
      </object_component>
      <object_component id="oc-15b">
         <name>.debug_info</name>
         <load_address>0xc96e</load_address>
         <run_address>0xc96e</run_address>
         <size>0x2c</size>
         <input_file_ref idref="fl-147"/>
      </object_component>
      <object_component id="oc-2a0">
         <name>.debug_info</name>
         <load_address>0xc99a</load_address>
         <run_address>0xc99a</run_address>
         <size>0xa1</size>
      </object_component>
      <object_component id="oc-117">
         <name>.debug_line</name>
         <load_address>0x0</load_address>
         <run_address>0x0</run_address>
         <size>0x6d</size>
         <input_file_ref idref="fl-2"/>
      </object_component>
      <object_component id="oc-7a">
         <name>.debug_line</name>
         <load_address>0x6d</load_address>
         <run_address>0x6d</run_address>
         <size>0x20</size>
         <input_file_ref idref="fl-2"/>
      </object_component>
      <object_component id="oc-7f">
         <name>.debug_line</name>
         <load_address>0x8d</load_address>
         <run_address>0x8d</run_address>
         <size>0x60</size>
         <input_file_ref idref="fl-2"/>
      </object_component>
      <object_component id="oc-213">
         <name>.debug_line</name>
         <load_address>0xed</load_address>
         <run_address>0xed</run_address>
         <size>0x130</size>
         <input_file_ref idref="fl-3"/>
      </object_component>
      <object_component id="oc-211">
         <name>.debug_line</name>
         <load_address>0x21d</load_address>
         <run_address>0x21d</run_address>
         <size>0x2d</size>
         <input_file_ref idref="fl-3"/>
      </object_component>
      <object_component id="oc-a2">
         <name>.debug_line</name>
         <load_address>0x24a</load_address>
         <run_address>0x24a</run_address>
         <size>0x12b</size>
         <input_file_ref idref="fl-3"/>
      </object_component>
      <object_component id="oc-142">
         <name>.debug_line</name>
         <load_address>0x375</load_address>
         <run_address>0x375</run_address>
         <size>0x20</size>
         <input_file_ref idref="fl-3"/>
      </object_component>
      <object_component id="oc-111">
         <name>.debug_line</name>
         <load_address>0x395</load_address>
         <run_address>0x395</run_address>
         <size>0x10c</size>
         <input_file_ref idref="fl-4"/>
      </object_component>
      <object_component id="oc-76">
         <name>.debug_line</name>
         <load_address>0x4a1</load_address>
         <run_address>0x4a1</run_address>
         <size>0x41</size>
         <input_file_ref idref="fl-5"/>
      </object_component>
      <object_component id="oc-31">
         <name>.debug_line</name>
         <load_address>0x4e2</load_address>
         <run_address>0x4e2</run_address>
         <size>0x41</size>
         <input_file_ref idref="fl-5"/>
      </object_component>
      <object_component id="oc-2f">
         <name>.debug_line</name>
         <load_address>0x523</load_address>
         <run_address>0x523</run_address>
         <size>0xa1</size>
         <input_file_ref idref="fl-5"/>
      </object_component>
      <object_component id="oc-235">
         <name>.debug_line</name>
         <load_address>0x5c4</load_address>
         <run_address>0x5c4</run_address>
         <size>0xde</size>
         <input_file_ref idref="fl-b"/>
      </object_component>
      <object_component id="oc-1cb">
         <name>.debug_line</name>
         <load_address>0x6a2</load_address>
         <run_address>0x6a2</run_address>
         <size>0xa7</size>
         <input_file_ref idref="fl-b"/>
      </object_component>
      <object_component id="oc-1d1">
         <name>.debug_line</name>
         <load_address>0x749</load_address>
         <run_address>0x749</run_address>
         <size>0x91</size>
         <input_file_ref idref="fl-b"/>
      </object_component>
      <object_component id="oc-ec">
         <name>.debug_line</name>
         <load_address>0x7da</load_address>
         <run_address>0x7da</run_address>
         <size>0x9c</size>
         <input_file_ref idref="fl-b"/>
      </object_component>
      <object_component id="oc-1c5">
         <name>.debug_line</name>
         <load_address>0x876</load_address>
         <run_address>0x876</run_address>
         <size>0xa3</size>
         <input_file_ref idref="fl-b"/>
      </object_component>
      <object_component id="oc-e0">
         <name>.debug_line</name>
         <load_address>0x919</load_address>
         <run_address>0x919</run_address>
         <size>0x91</size>
         <input_file_ref idref="fl-b"/>
      </object_component>
      <object_component id="oc-e6">
         <name>.debug_line</name>
         <load_address>0x9aa</load_address>
         <run_address>0x9aa</run_address>
         <size>0x9b</size>
         <input_file_ref idref="fl-b"/>
      </object_component>
      <object_component id="oc-da">
         <name>.debug_line</name>
         <load_address>0xa45</load_address>
         <run_address>0xa45</run_address>
         <size>0x91</size>
         <input_file_ref idref="fl-b"/>
      </object_component>
      <object_component id="oc-1bf">
         <name>.debug_line</name>
         <load_address>0xad6</load_address>
         <run_address>0xad6</run_address>
         <size>0x9b</size>
         <input_file_ref idref="fl-b"/>
      </object_component>
      <object_component id="oc-221">
         <name>.debug_line</name>
         <load_address>0xb71</load_address>
         <run_address>0xb71</run_address>
         <size>0x82</size>
         <input_file_ref idref="fl-c"/>
      </object_component>
      <object_component id="oc-262">
         <name>.debug_line</name>
         <load_address>0xbf3</load_address>
         <run_address>0xbf3</run_address>
         <size>0x7d</size>
         <input_file_ref idref="fl-c"/>
      </object_component>
      <object_component id="oc-264">
         <name>.debug_line</name>
         <load_address>0xc70</load_address>
         <run_address>0xc70</run_address>
         <size>0x7d</size>
         <input_file_ref idref="fl-c"/>
      </object_component>
      <object_component id="oc-241">
         <name>.debug_line</name>
         <load_address>0xced</load_address>
         <run_address>0xced</run_address>
         <size>0x95</size>
         <input_file_ref idref="fl-c"/>
      </object_component>
      <object_component id="oc-1a7">
         <name>.debug_line</name>
         <load_address>0xd82</load_address>
         <run_address>0xd82</run_address>
         <size>0xd1</size>
         <input_file_ref idref="fl-c"/>
      </object_component>
      <object_component id="oc-1b9">
         <name>.debug_line</name>
         <load_address>0xe53</load_address>
         <run_address>0xe53</run_address>
         <size>0x93</size>
         <input_file_ref idref="fl-c"/>
      </object_component>
      <object_component id="oc-19b">
         <name>.debug_line</name>
         <load_address>0xee6</load_address>
         <run_address>0xee6</run_address>
         <size>0x99</size>
         <input_file_ref idref="fl-c"/>
      </object_component>
      <object_component id="oc-1a1">
         <name>.debug_line</name>
         <load_address>0xf7f</load_address>
         <run_address>0xf7f</run_address>
         <size>0x93</size>
         <input_file_ref idref="fl-c"/>
      </object_component>
      <object_component id="oc-168">
         <name>.debug_line</name>
         <load_address>0x1012</load_address>
         <run_address>0x1012</run_address>
         <size>0xa9</size>
         <input_file_ref idref="fl-c"/>
      </object_component>
      <object_component id="oc-1ae">
         <name>.debug_line</name>
         <load_address>0x10bb</load_address>
         <run_address>0x10bb</run_address>
         <size>0x99</size>
         <input_file_ref idref="fl-c"/>
      </object_component>
      <object_component id="oc-cf">
         <name>.debug_line</name>
         <load_address>0x1154</load_address>
         <run_address>0x1154</run_address>
         <size>0x99</size>
         <input_file_ref idref="fl-c"/>
      </object_component>
      <object_component id="oc-1b4">
         <name>.debug_line</name>
         <load_address>0x11ed</load_address>
         <run_address>0x11ed</run_address>
         <size>0x92</size>
         <input_file_ref idref="fl-c"/>
      </object_component>
      <object_component id="oc-c9">
         <name>.debug_line</name>
         <load_address>0x127f</load_address>
         <run_address>0x127f</run_address>
         <size>0x92</size>
         <input_file_ref idref="fl-c"/>
      </object_component>
      <object_component id="oc-c3">
         <name>.debug_line</name>
         <load_address>0x1311</load_address>
         <run_address>0x1311</run_address>
         <size>0x92</size>
         <input_file_ref idref="fl-c"/>
      </object_component>
      <object_component id="oc-268">
         <name>.debug_line</name>
         <load_address>0x13a3</load_address>
         <run_address>0x13a3</run_address>
         <size>0x7c</size>
         <input_file_ref idref="fl-d"/>
      </object_component>
      <object_component id="oc-26a">
         <name>.debug_line</name>
         <load_address>0x141f</load_address>
         <run_address>0x141f</run_address>
         <size>0x82</size>
         <input_file_ref idref="fl-d"/>
      </object_component>
      <object_component id="oc-266">
         <name>.debug_line</name>
         <load_address>0x14a1</load_address>
         <run_address>0x14a1</run_address>
         <size>0x82</size>
         <input_file_ref idref="fl-d"/>
      </object_component>
      <object_component id="oc-16e">
         <name>.debug_line</name>
         <load_address>0x1523</load_address>
         <run_address>0x1523</run_address>
         <size>0xaf</size>
         <input_file_ref idref="fl-d"/>
      </object_component>
      <object_component id="oc-173">
         <name>.debug_line</name>
         <load_address>0x15d2</load_address>
         <run_address>0x15d2</run_address>
         <size>0xc2</size>
         <input_file_ref idref="fl-d"/>
      </object_component>
      <object_component id="oc-237">
         <name>.debug_line</name>
         <load_address>0x1694</load_address>
         <run_address>0x1694</run_address>
         <size>0x82</size>
         <input_file_ref idref="fl-e"/>
      </object_component>
      <object_component id="oc-11a">
         <name>.debug_line</name>
         <load_address>0x1716</load_address>
         <run_address>0x1716</run_address>
         <size>0x9e</size>
         <input_file_ref idref="fl-e"/>
      </object_component>
      <object_component id="oc-108">
         <name>.debug_line</name>
         <load_address>0x17b4</load_address>
         <run_address>0x17b4</run_address>
         <size>0x95</size>
         <input_file_ref idref="fl-e"/>
      </object_component>
      <object_component id="oc-205">
         <name>.debug_line</name>
         <load_address>0x1849</load_address>
         <run_address>0x1849</run_address>
         <size>0x96</size>
         <input_file_ref idref="fl-e"/>
      </object_component>
      <object_component id="oc-20b">
         <name>.debug_line</name>
         <load_address>0x18df</load_address>
         <run_address>0x18df</run_address>
         <size>0x91</size>
         <input_file_ref idref="fl-e"/>
      </object_component>
      <object_component id="oc-1ff">
         <name>.debug_line</name>
         <load_address>0x1970</load_address>
         <run_address>0x1970</run_address>
         <size>0x9b</size>
         <input_file_ref idref="fl-e"/>
      </object_component>
      <object_component id="oc-26c">
         <name>.debug_line</name>
         <load_address>0x1a0b</load_address>
         <run_address>0x1a0b</run_address>
         <size>0x13d</size>
         <input_file_ref idref="fl-f"/>
      </object_component>
      <object_component id="oc-274">
         <name>.debug_line</name>
         <load_address>0x1b48</load_address>
         <run_address>0x1b48</run_address>
         <size>0x7f</size>
         <input_file_ref idref="fl-f"/>
      </object_component>
      <object_component id="oc-192">
         <name>.debug_line</name>
         <load_address>0x1bc7</load_address>
         <run_address>0x1bc7</run_address>
         <size>0x94</size>
         <input_file_ref idref="fl-f"/>
      </object_component>
      <object_component id="oc-18c">
         <name>.debug_line</name>
         <load_address>0x1c5b</load_address>
         <run_address>0x1c5b</run_address>
         <size>0x94</size>
         <input_file_ref idref="fl-f"/>
      </object_component>
      <object_component id="oc-186">
         <name>.debug_line</name>
         <load_address>0x1cef</load_address>
         <run_address>0x1cef</run_address>
         <size>0xe8</size>
         <input_file_ref idref="fl-f"/>
      </object_component>
      <object_component id="oc-1da">
         <name>.debug_line</name>
         <load_address>0x1dd7</load_address>
         <run_address>0x1dd7</run_address>
         <size>0x116</size>
         <input_file_ref idref="fl-f"/>
      </object_component>
      <object_component id="oc-270">
         <name>.debug_line</name>
         <load_address>0x1eed</load_address>
         <run_address>0x1eed</run_address>
         <size>0x7f</size>
         <input_file_ref idref="fl-f"/>
      </object_component>
      <object_component id="oc-233">
         <name>.debug_line</name>
         <load_address>0x1f6c</load_address>
         <run_address>0x1f6c</run_address>
         <size>0x82</size>
         <input_file_ref idref="fl-10"/>
      </object_component>
      <object_component id="oc-276">
         <name>.debug_line</name>
         <load_address>0x1fee</load_address>
         <run_address>0x1fee</run_address>
         <size>0x7e</size>
         <input_file_ref idref="fl-10"/>
      </object_component>
      <object_component id="oc-278">
         <name>.debug_line</name>
         <load_address>0x206c</load_address>
         <run_address>0x206c</run_address>
         <size>0x7e</size>
         <input_file_ref idref="fl-10"/>
      </object_component>
      <object_component id="oc-1eb">
         <name>.debug_line</name>
         <load_address>0x20ea</load_address>
         <run_address>0x20ea</run_address>
         <size>0x9c</size>
         <input_file_ref idref="fl-10"/>
      </object_component>
      <object_component id="oc-218">
         <name>.debug_line</name>
         <load_address>0x2186</load_address>
         <run_address>0x2186</run_address>
         <size>0xaf</size>
         <input_file_ref idref="fl-10"/>
      </object_component>
      <object_component id="oc-13a">
         <name>.debug_line</name>
         <load_address>0x2235</load_address>
         <run_address>0x2235</run_address>
         <size>0x9a</size>
         <input_file_ref idref="fl-10"/>
      </object_component>
      <object_component id="oc-1f1">
         <name>.debug_line</name>
         <load_address>0x22cf</load_address>
         <run_address>0x22cf</run_address>
         <size>0x93</size>
         <input_file_ref idref="fl-10"/>
      </object_component>
      <object_component id="oc-d1">
         <name>.debug_line</name>
         <load_address>0x2362</load_address>
         <run_address>0x2362</run_address>
         <size>0x93</size>
         <input_file_ref idref="fl-10"/>
      </object_component>
      <object_component id="oc-1f6">
         <name>.debug_line</name>
         <load_address>0x23f5</load_address>
         <run_address>0x23f5</run_address>
         <size>0x93</size>
         <input_file_ref idref="fl-10"/>
      </object_component>
      <object_component id="oc-1d4">
         <name>.debug_line</name>
         <load_address>0x2488</load_address>
         <run_address>0x2488</run_address>
         <size>0xb0</size>
         <input_file_ref idref="fl-10"/>
      </object_component>
      <object_component id="oc-28">
         <name>.debug_line</name>
         <load_address>0x2538</load_address>
         <run_address>0x2538</run_address>
         <size>0x52</size>
         <input_file_ref idref="fl-133"/>
      </object_component>
      <object_component id="oc-88">
         <name>.debug_line</name>
         <load_address>0x258a</load_address>
         <run_address>0x258a</run_address>
         <size>0x72</size>
         <input_file_ref idref="fl-134"/>
      </object_component>
      <object_component id="oc-13">
         <name>.debug_line</name>
         <load_address>0x25fc</load_address>
         <run_address>0x25fc</run_address>
         <size>0x55</size>
         <input_file_ref idref="fl-134"/>
      </object_component>
      <object_component id="oc-3c">
         <name>.debug_line</name>
         <load_address>0x2651</load_address>
         <run_address>0x2651</run_address>
         <size>0x3a</size>
         <input_file_ref idref="fl-134"/>
      </object_component>
      <object_component id="oc-85">
         <name>.debug_line</name>
         <load_address>0x268b</load_address>
         <run_address>0x268b</run_address>
         <size>0x72</size>
         <input_file_ref idref="fl-134"/>
      </object_component>
      <object_component id="oc-8b">
         <name>.debug_line</name>
         <load_address>0x26fd</load_address>
         <run_address>0x26fd</run_address>
         <size>0x72</size>
         <input_file_ref idref="fl-135"/>
      </object_component>
      <object_component id="oc-44">
         <name>.debug_line</name>
         <load_address>0x276f</load_address>
         <run_address>0x276f</run_address>
         <size>0x98</size>
         <input_file_ref idref="fl-135"/>
      </object_component>
      <object_component id="oc-1d">
         <name>.debug_line</name>
         <load_address>0x2807</load_address>
         <run_address>0x2807</run_address>
         <size>0x4b</size>
         <input_file_ref idref="fl-135"/>
      </object_component>
      <object_component id="oc-4a">
         <name>.debug_line</name>
         <load_address>0x2852</load_address>
         <run_address>0x2852</run_address>
         <size>0x39</size>
         <input_file_ref idref="fl-135"/>
      </object_component>
      <object_component id="oc-8f">
         <name>.debug_line</name>
         <load_address>0x288b</load_address>
         <run_address>0x288b</run_address>
         <size>0x72</size>
         <input_file_ref idref="fl-135"/>
      </object_component>
      <object_component id="oc-93">
         <name>.debug_line</name>
         <load_address>0x28fd</load_address>
         <run_address>0x28fd</run_address>
         <size>0x72</size>
         <input_file_ref idref="fl-136"/>
      </object_component>
      <object_component id="oc-22">
         <name>.debug_line</name>
         <load_address>0x296f</load_address>
         <run_address>0x296f</run_address>
         <size>0x4f</size>
         <input_file_ref idref="fl-136"/>
      </object_component>
      <object_component id="oc-55">
         <name>.debug_line</name>
         <load_address>0x29be</load_address>
         <run_address>0x29be</run_address>
         <size>0x34</size>
         <input_file_ref idref="fl-136"/>
      </object_component>
      <object_component id="oc-158">
         <name>.debug_line</name>
         <load_address>0x29f2</load_address>
         <run_address>0x29f2</run_address>
         <size>0x71</size>
         <input_file_ref idref="fl-137"/>
      </object_component>
      <object_component id="oc-156">
         <name>.debug_line</name>
         <load_address>0x2a63</load_address>
         <run_address>0x2a63</run_address>
         <size>0x2a</size>
         <input_file_ref idref="fl-137"/>
      </object_component>
      <object_component id="oc-6f">
         <name>.debug_line</name>
         <load_address>0x2a8d</load_address>
         <run_address>0x2a8d</run_address>
         <size>0x7a</size>
         <input_file_ref idref="fl-137"/>
      </object_component>
      <object_component id="oc-103">
         <name>.debug_line</name>
         <load_address>0x2b07</load_address>
         <run_address>0x2b07</run_address>
         <size>0xd2</size>
         <input_file_ref idref="fl-138"/>
      </object_component>
      <object_component id="oc-12c">
         <name>.debug_line</name>
         <load_address>0x2bd9</load_address>
         <run_address>0x2bd9</run_address>
         <size>0x77</size>
         <input_file_ref idref="fl-139"/>
      </object_component>
      <object_component id="oc-132">
         <name>.debug_line</name>
         <load_address>0x2c50</load_address>
[...]
            <allocated_space>
               <start_address>0x200004b0</start_address>
               <size>0x1c</size>
               <logical_group_ref idref="lg-27b"/>
            </allocated_space>
            <available_space>
               <start_address>0x200004cc</start_address>
               <size>0x7b34</size>
            </available_space>
         </usage_details>
      </memory_area>
   </placement_map>
   <cptbl_list>
      <cptbl>
         <name>__TI_cinit_table</name>
         <cprec>
            <name>.data</name>
            <load_address>0x2148</load_address>
            <load_size>0x17</load_size>
            <run_address>0x200004b0</run_address>
            <run_size>0x1c</run_size>
            <compression>rle</compression>
         </cprec>
         <cprec>
            <name>.bss</name>
            <load_address>0x2170</load_address>
            <load_size>0x8</load_size>
            <run_address>0x2000046c</run_address>
            <run_size>0x44</run_size>
            <compression>zero_init</compression>
         </cprec>
         <cprec>
            <name>.vtable</name>
            <load_address>0x2178</load_address>
            <load_size>0x8</load_size>
            <run_address>0x20000000</run_address>
            <run_size>0x26c</run_size>
            <compression>zero_init</compression>
         </cprec>
      </cptbl>
   </cptbl_list>
   <handler_table>
      <handler_table_name>__TI_handler_table</handler_table_name>
      <handler>
         <index>0x0</index>
         <name>__TI_zero_init</name>
      </handler>
      <handler>
         <index>0x1</index>
         <name>__TI_decompress_rle24</name>
      </handler>
      <handler>
         <index>0x2</index>
         <name>__TI_decompress_none</name>
      </handler>
   </handler_table>
   <symbol_table>
      <symbol id="sm-1">
         <name>__STACK_TOP</name>
         <value>0x2000046c</value>
      </symbol>
      <symbol id="sm-2">
         <name>__TI_CINIT_Base</name>
         <value>0x2180</value>
      </symbol>
      <symbol id="sm-3">
         <name>__TI_CINIT_Limit</name>
         <value>0x2198</value>
      </symbol>
      <symbol id="sm-4">
         <name>__TI_Handler_Table_Base</name>
         <value>0x2160</value>
      </symbol>
      <symbol id="sm-5">
         <name>__TI_Handler_Table_Limit</name>
         <value>0x216c</value>
      </symbol>
      <symbol id="sm-6">
         <name>binit</name>
         <value>0xffffffff</value>
      </symbol>
      <symbol id="sm-7">
         <name>__binit__</name>
         <value>0xffffffff</value>
      </symbol>
      <symbol id="sm-8">
         <name>__STACK_SIZE</name>
         <value>0x200</value>
      </symbol>
      <symbol id="sm-9">
         <name>__STACK_END</name>
         <value>0x2000046c</value>
      </symbol>
      <symbol id="sm-a">
         <name>__c_args__</name>
         <value>0xffffffff</value>
      </symbol>
      <symbol id="sm-3f">
         <name>Hill_Climbing</name>
         <value>0x1179</value>
         <object_component_ref idref="oc-113"/>
      </symbol>
      <symbol id="sm-d9">
         <name>V</name>
         <value>0x2000049c</value>
      </symbol>
      <symbol id="sm-da">
         <name>V_pv</name>
         <value>0x200004a8</value>
      </symbol>
      <symbol id="sm-db">
         <name>P</name>
         <value>0x20000498</value>
      </symbol>
      <symbol id="sm-dc">
         <name>I_pv</name>
         <value>0x20000494</value>
      </symbol>
      <symbol id="sm-dd">
         <name>V_bat</name>
         <value>0x200004a0</value>
      </symbol>
      <symbol id="sm-de">
         <name>I_bat</name>
         <value>0x2000048c</value>
      </symbol>
      <symbol id="sm-df">
         <name>V_led</name>
         <value>0x200004a4</value>
      </symbol>
      <symbol id="sm-e0">
         <name>I_led</name>
         <value>0x20000490</value>
      </symbol>
      <symbol id="sm-e1">
         <name>diff</name>
         <value>0x200004ac</value>
      </symbol>
      <symbol id="sm-e2">
         <name>ADC0Value</name>
         <value>0x2000046c</value>
      </symbol>
      <symbol id="sm-e3">
         <name>Timer0A_Handler</name>
         <value>0x2ad</value>
         <object_component_ref idref="oc-9d"/>
      </symbol>
      <symbol id="sm-e4">
         <name>StartButtonDown</name>
         <value>0x26d</value>
         <object_component_ref idref="oc-9d"/>
      </symbol>
      <symbol id="sm-e5">
         <name>D_zeta</name>
         <value>0x200004c2</value>
         <object_component_ref idref="oc-11f"/>
      </symbol>
      <symbol id="sm-e6">
         <name>main</name>
         <value>0x925</value>
         <object_component_ref idref="oc-9d"/>
      </symbol>
      <symbol id="sm-e7">
         <name>D_sepic</name>
         <value>0x200004c4</value>
         <object_component_ref idref="oc-11f"/>
      </symbol>
      <symbol id="sm-e8">
         <name>mode</name>
         <value>0x200004c0</value>
         <object_component_ref idref="oc-11f"/>
      </symbol>
      <symbol id="sm-e9">
         <name>time</name>
         <value>0x200004c1</value>
         <object_component_ref idref="oc-11f"/>
      </symbol>
      <symbol id="sm-10d">
         <name>PWM_setup</name>
         <value>0xb31</value>
         <object_component_ref idref="oc-10d"/>
      </symbol>
      <symbol id="sm-10e">
         <name>ADC_setup</name>
         <value>0xa6b</value>
         <object_component_ref idref="oc-10d"/>
      </symbol>
      <symbol id="sm-10f">
         <name>mode_change</name>
         <value>0xb77</value>
         <object_component_ref idref="oc-10d"/>
      </symbol>
      <symbol id="sm-110">
         <name>Clock_setup</name>
         <value>0x9ed</value>
         <object_component_ref idref="oc-10d"/>
      </symbol>
      <symbol id="sm-111">
         <name>Timer_setup</name>
         <value>0xaf3</value>
         <object_component_ref idref="oc-10d"/>
      </symbol>
      <symbol id="sm-112">
         <name>GPIO_setup</name>
         <value>0xa1b</value>
         <object_component_ref idref="oc-10d"/>
      </symbol>
      <symbol id="sm-12e">
         <name>ResetISR</name>
         <value>0x1e13</value>
         <object_component_ref idref="oc-2a"/>
      </symbol>
      <symbol id="sm-12f">
         <name>g_pfnVectors</name>
         <value>0x0</value>
         <object_component_ref idref="oc-f"/>
      </symbol>
      <symbol id="sm-17e">
         <name>ADCProcessorTrigger</name>
         <value>0x1cab</value>
         <object_component_ref idref="oc-dc"/>
      </symbol>
      <symbol id="sm-17f">
         <name>ADCSequenceEnable</name>
         <value>0x1db7</value>
         <object_component_ref idref="oc-1cd"/>
      </symbol>
      <symbol id="sm-180">
         <name>ADCSequenceConfigure</name>
         <value>0x1af5</value>
         <object_component_ref idref="oc-1c1"/>
      </symbol>
      <symbol id="sm-181">
         <name>ADCSequenceStepConfigure</name>
         <value>0x160d</value>
         <object_component_ref idref="oc-1c7"/>
      </symbol>
      <symbol id="sm-182">
         <name>ADCIntClear</name>
         <value>0x1e1f</value>
         <object_component_ref idref="oc-d6"/>
      </symbol>
      <symbol id="sm-183">
         <name>ADCHardwareOversampleConfigure</name>
         <value>0x1d4d</value>
         <object_component_ref idref="oc-1bb"/>
      </symbol>
      <symbol id="sm-184">
         <name>ADCIntStatus</name>
         <value>0x1bd5</value>
         <object_component_ref idref="oc-e2"/>
      </symbol>
      <symbol id="sm-185">
         <name>ADCSequenceDataGet</name>
         <value>0x1c6f</value>
         <object_component_ref idref="oc-e8"/>
      </symbol>
      <symbol id="sm-1fb">
         <name>GPIOPinTypePWM</name>
         <value>0x1d71</value>
         <object_component_ref idref="oc-1b5"/>
      </symbol>
      <symbol id="sm-1fc">
         <name>GPIOIntRegister</name>
         <value>0x1cc3</value>
         <object_component_ref idref="oc-ca"/>
      </symbol>
      <symbol id="sm-1fd">
         <name>GPIOIntDisable</name>
         <value>0x1dc5</value>
         <object_component_ref idref="oc-c4"/>
      </symbol>
      <symbol id="sm-1fe">
         <name>GPIOIntEnable</name>
         <value>0x1def</value>
         <object_component_ref idref="oc-1af"/>
      </symbol>
      <symbol id="sm-1ff">
         <name>GPIOIntTypeSet</name>
         <value>0x18a1</value>
         <object_component_ref idref="oc-1a9"/>
      </symbol>
      <symbol id="sm-200">
         <name>GPIOPinTypeGPIOInput</name>
         <value>0x1d5f</value>
         <object_component_ref idref="oc-19d"/>
      </symbol>
      <symbol id="sm-201">
         <name>GPIOIntClear</name>
         <value>0x1e31</value>
         <object_component_ref idref="oc-be"/>
      </symbol>
      <symbol id="sm-202">
         <name>GPIOPinTypeGPIOOutput</name>
         <value>0x1cdb</value>
         <object_component_ref idref="oc-197"/>
      </symbol>
      <symbol id="sm-203">
         <name>GPIODirModeSet</name>
         <value>0x1c03</value>
         <object_component_ref idref="oc-23d"/>
      </symbol>
      <symbol id="sm-204">
         <name>GPIOPadConfigSet</name>
         <value>0xf3d</value>
         <object_component_ref idref="oc-1a3"/>
      </symbol>
      <symbol id="sm-23d">
         <name>IntEnable</name>
         <value>0x17d9</value>
         <object_component_ref idref="oc-16f"/>
      </symbol>
      <symbol id="sm-23e">
         <name>IntRegister</name>
         <value>0x1b6d</value>
         <object_component_ref idref="oc-169"/>
      </symbol>
      <symbol id="sm-23f">
         <name>g_pfnRAMVectors</name>
         <value>0x20000000</value>
         <object_component_ref idref="oc-229"/>
      </symbol>
      <symbol id="sm-26c">
         <name>PWMGenPeriodSet</name>
         <value>0x1da7</value>
         <object_component_ref idref="oc-201"/>
      </symbol>
      <symbol id="sm-26d">
         <name>PWMPulseWidthSet</name>
         <value>0x1c8d</value>
         <object_component_ref idref="oc-119"/>
      </symbol>
      <symbol id="sm-26e">
         <name>PWMOutputState</name>
         <value>0x1d83</value>
         <object_component_ref idref="oc-107"/>
      </symbol>
      <symbol id="sm-26f">
         <name>PWMGenEnable</name>
         <value>0x1dfb</value>
         <object_component_ref idref="oc-207"/>
      </symbol>
      <symbol id="sm-270">
         <name>PWMGenConfigure</name>
         <value>0x1c2d</value>
         <object_component_ref idref="oc-1fb"/>
      </symbol>
      <symbol id="sm-2cb">
         <name>SysCtlClockSet</name>
         <value>0x1375</value>
         <object_component_ref idref="oc-185"/>
      </symbol>
      <symbol id="sm-2cc">
         <name>SysCtlDelay</name>
         <value>0x1e37</value>
         <object_component_ref idref="oc-238"/>
      </symbol>
      <symbol id="sm-2cd">
         <name>SysCtlPeripheralEnable</name>
         <value>0x1ba1</value>
         <object_component_ref idref="oc-191"/>
      </symbol>
      <symbol id="sm-2ce">
         <name>SysCtlClockGet</name>
         <value>0x106d</value>
         <object_component_ref idref="oc-1d9"/>
      </symbol>
      <symbol id="sm-2cf">
         <name>SysCtlPWMClockSet</name>
         <value>0x1d25</value>
         <object_component_ref idref="oc-18b"/>
      </symbol>
      <symbol id="sm-32a">
         <name>TimerLoadSet</name>
         <value>0x1d95</value>
         <object_component_ref idref="oc-1e9"/>
      </symbol>
      <symbol id="sm-32b">
         <name>TimerIntRegister</name>
         <value>0x1cf3</value>
         <object_component_ref idref="oc-138"/>
      </symbol>
      <symbol id="sm-32c">
         <name>TimerEnable</name>
         <value>0x1dd3</value>
         <object_component_ref idref="oc-1f5"/>
      </symbol>
      <symbol id="sm-32d">
         <name>TimerIntEnable</name>
         <value>0x1e29</value>
         <object_component_ref idref="oc-1ef"/>
      </symbol>
      <symbol id="sm-32e">
         <name>TimerConfigure</name>
         <value>0x1841</value>
         <object_component_ref idref="oc-1d3"/>
      </symbol>
      <symbol id="sm-32f">
         <name>TimerIntClear</name>
         <value>0x1e43</value>
         <object_component_ref idref="oc-d0"/>
      </symbol>
      <symbol id="sm-342">
         <name>_c_int00</name>
         <value>0x18f9</value>
         <object_component_ref idref="oc-24"/>
      </symbol>
      <symbol id="sm-343">
         <name>__stack</name>
         <value>0x2000026c</value>
         <object_component_ref idref="oc-29"/>
      </symbol>
      <symbol id="sm-35a">
         <name>__TI_decompress_none</name>
         <value>0x1de1</value>
         <object_component_ref idref="oc-12"/>
      </symbol>
      <symbol id="sm-382">
         <name>__TI_decompress_rle24</name>
         <value>0x1e3d</value>
         <object_component_ref idref="oc-18"/>
      </symbol>
      <symbol id="sm-394">
         <name>__TI_zero_init</name>
         <value>0x1e07</value>
         <object_component_ref idref="oc-1e"/>
      </symbol>
      <symbol id="sm-3b3">
         <name>C$$EXIT</name>
         <value>0x1a2d</value>
         <object_component_ref idref="oc-6a"/>
      </symbol>
      <symbol id="sm-3b4">
         <name>abort</name>
         <value>0x1a31</value>
         <object_component_ref idref="oc-6a"/>
      </symbol>
      <symbol id="sm-3b5">
         <name>exit</name>
         <value>0x1a39</value>
         <object_component_ref idref="oc-6a"/>
      </symbol>
      <symbol id="sm-3b6">
         <name>__TI_dtors_ptr</name>
         <value>0x200004bc</value>
         <object_component_ref idref="oc-a8"/>
      </symbol>
      <symbol id="sm-3b7">
         <name>__TI_cleanup_ptr</name>
         <value>0x200004b8</value>
         <object_component_ref idref="oc-a8"/>
      </symbol>
      <symbol id="sm-3db">
         <name>__aeabi_dsub</name>
         <value>0xc51</value>
         <object_component_ref idref="oc-102"/>
      </symbol>
      <symbol id="sm-3dc">
         <name>__aeabi_dadd</name>
         <value>0xc5b</value>
         <object_component_ref idref="oc-102"/>
      </symbol>
      <symbol id="sm-403">
         <name>__aeabi_cdcmpeq</name>
         <value>0x1501</value>
         <object_component_ref idref="oc-128"/>
      </symbol>
      <symbol id="sm-404">
         <name>__aeabi_cdcmple</name>
         <value>0x1501</value>
         <object_component_ref idref="oc-128"/>
      </symbol>
      <symbol id="sm-405">
         <name>__aeabi_cdrcmple</name>
         <value>0x1587</value>
         <object_component_ref idref="oc-12e"/>
      </symbol>
      <symbol id="sm-425">
         <name>__aeabi_ddiv</name>
         <value>0xe07</value>
         <object_component_ref idref="oc-f8"/>
      </symbol>
      <symbol id="sm-43c">
         <name>__aeabi_dmul</name>
         <value>0x1279</value>
         <object_component_ref idref="oc-f3"/>
      </symbol>
      <symbol id="sm-448">
         <name>__aeabi_d2f</name>
         <value>0x19e1</value>
         <object_component_ref idref="oc-fd"/>
      </symbol>
      <symbol id="sm-455">
         <name>__aeabi_d2uiz</name>
         <value>0x1a71</value>
         <object_component_ref idref="oc-1e4"/>
      </symbol>
      <symbol id="sm-463">
         <name>__aeabi_f2d</name>
         <value>0x1b33</value>
         <object_component_ref idref="oc-ee"/>
      </symbol>
      <symbol id="sm-47e">
         <name>memcpy</name>
         <value>0x1465</value>
         <object_component_ref idref="oc-33"/>
      </symbol>
      <symbol id="sm-47f">
         <name>__aeabi_memcpy</name>
         <value>0x1465</value>
         <object_component_ref idref="oc-33"/>
      </symbol>
      <symbol id="sm-480">
         <name>__aeabi_memcpy8</name>
         <value>0x1465</value>
         <object_component_ref idref="oc-33"/>
      </symbol>
      <symbol id="sm-481">
         <name>__aeabi_memcpy4</name>
         <value>0x1465</value>
         <object_component_ref idref="oc-33"/>
      </symbol>
      <symbol id="sm-490">
         <name>__aeabi_memset</name>
         <value>0x1689</value>
         <object_component_ref idref="oc-4c"/>
      </symbol>
      <symbol id="sm-491">
         <name>memset</name>
         <value>0x168f</value>
         <object_component_ref idref="oc-4c"/>
      </symbol>
      <symbol id="sm-492">
         <name>__aeabi_memset8</name>
         <value>0x1689</value>
         <object_component_ref idref="oc-4c"/>
      </symbol>
      <symbol id="sm-493">
         <name>__aeabi_memset4</name>
         <value>0x1689</value>
         <object_component_ref idref="oc-4c"/>
      </symbol>
      <symbol id="sm-494">
         <name>__aeabi_memclr8</name>
         <value>0x1687</value>
         <object_component_ref idref="oc-4c"/>
      </symbol>
      <symbol id="sm-495">
         <name>__aeabi_memclr4</name>
         <value>0x1687</value>
         <object_component_ref idref="oc-4c"/>
      </symbol>
      <symbol id="sm-496">
         <name>__aeabi_memclr</name>
         <value>0x1687</value>
         <object_component_ref idref="oc-4c"/>
      </symbol>
      <symbol id="sm-4a0">
         <name>_system_pre_init</name>
         <value>0x1e47</value>
         <object_component_ref idref="oc-58"/>
      </symbol>
      <symbol id="sm-4a8">
         <name>main_func_sp</name>
         <value>0x200004c8</value>
         <object_component_ref idref="oc-70"/>
      </symbol>
      <symbol id="sm-4b4">
         <name>__aeabi_ui2d</name>
         <value>0x1c4f</value>
         <object_component_ref idref="oc-1df"/>
      </symbol>
      <symbol id="sm-4cd">
         <name>_nop</name>
         <value>0x1d47</value>
         <object_component_ref idref="oc-14b"/>
      </symbol>
      <symbol id="sm-4ce">
         <name>_lock</name>
         <value>0x200004b0</value>
         <object_component_ref idref="oc-a5"/>
      </symbol>
      <symbol id="sm-4cf">
         <name>_unlock</name>
         <value>0x200004b4</value>
         <object_component_ref idref="oc-a5"/>
      </symbol>
      <symbol id="sm-4d0">
         <name>_register_lock</name>
         <value>0x1d3f</value>
         <object_component_ref idref="oc-14b"/>
      </symbol>
      <symbol id="sm-4d1">
         <name>_register_unlock</name>
         <value>0x1d39</value>
         <object_component_ref idref="oc-14b"/>
      </symbol>
      <symbol id="sm-4e6">
         <name>_args_main</name>
         <value>0x1d0d</value>
         <object_component_ref idref="oc-64"/>
      </symbol>
      <symbol id="sm-50c">
         <name>__TI_auto_init</name>
         <value>0x1701</value>
         <object_component_ref idref="oc-5e"/>
      </symbol>
      <symbol id="sm-526">
         <name>copy_in</name>
         <value>0x1995</value>
         <object_component_ref idref="oc-95"/>
      </symbol>
      <symbol id="sm-527">
         <name>__TI_static_base__</name>
         <value>0x0</value>
      </symbol>
      <symbol id="sm-52a">
         <name>SHT$$INIT_ARRAY$$Limit</name>
         <value>0x0</value>
      </symbol>
      <symbol id="sm-52b">
         <name>SHT$$INIT_ARRAY$$Base</name>
         <value>0x0</value>
      </symbol>
   </symbol_table>
   <title>Link successful</title>
</link_info>
